Archive member included to satisfy reference by file (symbol)

C:/Users/ethan/.pico-sdk/toolchain/13_2_Rel1/bin/../lib/gcc/arm-none-eabi/13.2.1/thumb/v6-m/nofp\libgcc.a(_dvmd_tls.o)
                              CMakeFiles/phase_ctrl.dir/C_/Users/ethan/.pico-sdk/sdk/2.0.0/src/rp2_common/pico_divider/divider_hardware.S.obj (__aeabi_idiv0)
C:/Users/ethan/.pico-sdk/toolchain/13_2_Rel1/bin/../lib/gcc/arm-none-eabi/13.2.1/thumb/v6-m/nofp\libg.a(libc_a-atof.o)
                              CMakeFiles/phase_ctrl.dir/uart_comm.c.obj (atof)
C:/Users/ethan/.pico-sdk/toolchain/13_2_Rel1/bin/../lib/gcc/arm-none-eabi/13.2.1/thumb/v6-m/nofp\libg.a(libc_a-atoi.o)
                              CMakeFiles/phase_ctrl.dir/uart_comm.c.obj (atoi)
C:/Users/ethan/.pico-sdk/toolchain/13_2_Rel1/bin/../lib/gcc/arm-none-eabi/13.2.1/thumb/v6-m/nofp\libg.a(libc_a-calloc.o)
                              CMakeFiles/phase_ctrl.dir/C_/Users/ethan/.pico-sdk/sdk/2.0.0/src/rp2_common/pico_malloc/malloc.c.obj (calloc)
C:/Users/ethan/.pico-sdk/toolchain/13_2_Rel1/bin/../lib/gcc/arm-none-eabi/13.2.1/thumb/v6-m/nofp\libg.a(libc_a-callocr.o)
                              C:/Users/ethan/.pico-sdk/toolchain/13_2_Rel1/bin/../lib/gcc/arm-none-eabi/13.2.1/thumb/v6-m/nofp\libg.a(libc_a-calloc.o) (_calloc_r)
C:/Users/ethan/.pico-sdk/toolchain/13_2_Rel1/bin/../lib/gcc/arm-none-eabi/13.2.1/thumb/v6-m/nofp\libg.a(libc_a-malloc.o)
                              CMakeFiles/phase_ctrl.dir/C_/Users/ethan/.pico-sdk/sdk/2.0.0/src/rp2_common/pico_malloc/malloc.c.obj (malloc)
C:/Users/ethan/.pico-sdk/toolchain/13_2_Rel1/bin/../lib/gcc/arm-none-eabi/13.2.1/thumb/v6-m/nofp\libg.a(libc_a-mallocr.o)
                              C:/Users/ethan/.pico-sdk/toolchain/13_2_Rel1/bin/../lib/gcc/arm-none-eabi/13.2.1/thumb/v6-m/nofp\libg.a(libc_a-callocr.o) (_malloc_r)
C:/Users/ethan/.pico-sdk/toolchain/13_2_Rel1/bin/../lib/gcc/arm-none-eabi/13.2.1/thumb/v6-m/nofp\libg.a(libc_a-mlock.o)
                              C:/Users/ethan/.pico-sdk/toolchain/13_2_Rel1/bin/../lib/gcc/arm-none-eabi/13.2.1/thumb/v6-m/nofp\libg.a(libc_a-mallocr.o) (__malloc_lock)
C:/Users/ethan/.pico-sdk/toolchain/13_2_Rel1/bin/../lib/gcc/arm-none-eabi/13.2.1/thumb/v6-m/nofp\libg.a(libc_a-realloc.o)
                              CMakeFiles/phase_ctrl.dir/C_/Users/ethan/.pico-sdk/sdk/2.0.0/src/rp2_common/pico_malloc/malloc.c.obj (realloc)
C:/Users/ethan/.pico-sdk/toolchain/13_2_Rel1/bin/../lib/gcc/arm-none-eabi/13.2.1/thumb/v6-m/nofp\libg.a(libc_a-reallocr.o)
                              C:/Users/ethan/.pico-sdk/toolchain/13_2_Rel1/bin/../lib/gcc/arm-none-eabi/13.2.1/thumb/v6-m/nofp\libg.a(libc_a-realloc.o) (_realloc_r)
C:/Users/ethan/.pico-sdk/toolchain/13_2_Rel1/bin/../lib/gcc/arm-none-eabi/13.2.1/thumb/v6-m/nofp\libg.a(libc_a-strtod.o)
                              C:/Users/ethan/.pico-sdk/toolchain/13_2_Rel1/bin/../lib/gcc/arm-none-eabi/13.2.1/thumb/v6-m/nofp\libg.a(libc_a-atof.o) (strtod)
C:/Users/ethan/.pico-sdk/toolchain/13_2_Rel1/bin/../lib/gcc/arm-none-eabi/13.2.1/thumb/v6-m/nofp\libg.a(libc_a-strtol.o)
                              C:/Users/ethan/.pico-sdk/toolchain/13_2_Rel1/bin/../lib/gcc/arm-none-eabi/13.2.1/thumb/v6-m/nofp\libg.a(libc_a-atoi.o) (_strtol_r)
C:/Users/ethan/.pico-sdk/toolchain/13_2_Rel1/bin/../lib/gcc/arm-none-eabi/13.2.1/thumb/v6-m/nofp\libg.a(libc_a-ctype_.o)
                              C:/Users/ethan/.pico-sdk/toolchain/13_2_Rel1/bin/../lib/gcc/arm-none-eabi/13.2.1/thumb/v6-m/nofp\libg.a(libc_a-strtol.o) (_ctype_)
C:/Users/ethan/.pico-sdk/toolchain/13_2_Rel1/bin/../lib/gcc/arm-none-eabi/13.2.1/thumb/v6-m/nofp\libg.a(libc_a-memcmp.o)
                              CMakeFiles/phase_ctrl.dir/C_/Users/ethan/.pico-sdk/sdk/2.0.0/src/rp2_common/pico_atomic/atomic.c.obj (memcmp)
C:/Users/ethan/.pico-sdk/toolchain/13_2_Rel1/bin/../lib/gcc/arm-none-eabi/13.2.1/thumb/v6-m/nofp\libg.a(libc_a-memmove.o)
                              C:/Users/ethan/.pico-sdk/toolchain/13_2_Rel1/bin/../lib/gcc/arm-none-eabi/13.2.1/thumb/v6-m/nofp\libg.a(libc_a-reallocr.o) (memmove)
C:/Users/ethan/.pico-sdk/toolchain/13_2_Rel1/bin/../lib/gcc/arm-none-eabi/13.2.1/thumb/v6-m/nofp\libg.a(libc_a-strncmp.o)
                              C:/Users/ethan/.pico-sdk/toolchain/13_2_Rel1/bin/../lib/gcc/arm-none-eabi/13.2.1/thumb/v6-m/nofp\libg.a(libc_a-strtod.o) (strncmp)
C:/Users/ethan/.pico-sdk/toolchain/13_2_Rel1/bin/../lib/gcc/arm-none-eabi/13.2.1/thumb/v6-m/nofp\libg.a(libc_a-strtok.o)
                              CMakeFiles/phase_ctrl.dir/uart_comm.c.obj (strtok)
C:/Users/ethan/.pico-sdk/toolchain/13_2_Rel1/bin/../lib/gcc/arm-none-eabi/13.2.1/thumb/v6-m/nofp\libg.a(libc_a-strtok_r.o)
                              C:/Users/ethan/.pico-sdk/toolchain/13_2_Rel1/bin/../lib/gcc/arm-none-eabi/13.2.1/thumb/v6-m/nofp\libg.a(libc_a-strtok.o) (__strtok_r)
C:/Users/ethan/.pico-sdk/toolchain/13_2_Rel1/bin/../lib/gcc/arm-none-eabi/13.2.1/thumb/v6-m/nofp\libg.a(libc_a-lcltime_r.o)
[...]
Memory Configuration

Name             Origin             Length             Attributes
FLASH            0x10000000         0x00200000         xr
RAM              0x20000000         0x00040000         xrw
SCRATCH_X        0x20040000         0x00001000         xrw
SCRATCH_Y        0x20041000         0x00001000         xrw
*default*        0x00000000         0xffffffff

Linker script and memory map

LOAD C:/Users/ethan/.pico-sdk/toolchain/13_2_Rel1/bin/../lib/gcc/arm-none-eabi/13.2.1/thumb/v6-m/nofp/crti.o
LOAD C:/Users/ethan/.pico-sdk/toolchain/13_2_Rel1/bin/../lib/gcc/arm-none-eabi/13.2.1/thumb/v6-m/nofp/crtbegin.o
LOAD C:/Users/ethan/.pico-sdk/toolchain/13_2_Rel1/bin/../lib/gcc/arm-none-eabi/13.2.1/thumb/v6-m/nofp/crt0.o

.flash_begin    0x10000000        0x0
                0x10000000                        __flash_binary_start = .

.boot2          0x10000000      0x100
                0x10000000                        __boot2_start__ = .
 *(.boot2)
 .boot2         0x10000000      0x100 C:\Users\ethan\AppData\Local\Temp\ccm6q45G.o
                0x10000100                        __boot2_end__ = .
                0x00000001                        ASSERT (((__boot2_end__ - __boot2_start__) == 0x100), ERROR: Pico second stage bootloader must be 256 bytes in size)

.text           0x10000100     0x85a8
                0x10000100                        __logical_binary_start = .
 *(.vectors)
 .vectors       0x10000100       0xd4 CMakeFiles/phase_ctrl.dir/C_/Users/ethan/.pico-sdk/sdk/2.0.0/src/rp2_common/pico_crt0/crt0.S.obj
                0x10000100                __VECTOR_TABLE
                0x10000100                __vectors
                0x100001c0                isr_invalid
                0x100001c0                __default_isrs_start
                0x100001c2                isr_nmi
                0x100001c4                isr_hardfault
                0x100001c6                isr_svcall
                0x100001c8                isr_pendsv
                0x100001ca                isr_systick
                0x100001cc                isr_irq23
                0x100001cc                isr_irq18
                0x100001cc                isr_irq11
                0x100001cc                isr_irq28
                0x100001cc                isr_irq19
                0x100001cc                isr_irq0
                0x100001cc                isr_irq6
                0x100001cc                isr_irq5
                0x100001cc                isr_irq12
                0x100001cc                isr_irq22
                0x100001cc                isr_irq31
                0x100001cc                isr_irq17
                0x100001cc                isr_irq27
                0x100001cc                isr_irq30
                0x100001cc                isr_irq2
                0x100001cc                isr_irq10
                0x100001cc                isr_irq8
                0x100001cc                isr_irq24
                0x100001cc                isr_irq1
                0x100001cc                isr_irq7
                0x100001cc                isr_irq21
                0x100001cc                isr_irq20
                0x100001cc                isr_irq15
                0x100001cc                isr_irq25
                0x100001cc                isr_irq13
                0x100001cc                __unhandled_user_irq
                0x100001cc                isr_irq4
                0x100001cc                isr_irq16
                0x100001cc                isr_irq29
                0x100001cc                isr_irq26
                0x100001cc                __default_isrs_end
                0x100001cc                isr_irq3
                0x100001cc                isr_irq14
                0x100001cc                isr_irq9
                0x100001d2                unhandled_user_irq_num_in_r0
 *(.binary_info_header)
 .binary_info_header
                0x100001d4       0x14 CMakeFiles/phase_ctrl.dir/C_/Users/ethan/.pico-sdk/sdk/2.0.0/src/rp2_common/pico_crt0/crt0.S.obj
                0x100001e8                        __binary_info_header_end = .
 *(.embedded_block)
                0x100001e8                        __embedded_block_end = .
 *(.reset)
 .reset         0x100001e8       0x9c CMakeFiles/phase_ctrl.dir/C_/Users/ethan/.pico-sdk/sdk/2.0.0/src/rp2_common/pico_crt0/crt0.S.obj
                0x100001e8                _entry_point
 *(.init)
 .init          0x10000284        0x4 C:/Users/ethan/.pico-sdk/toolchain/13_2_Rel1/bin/../lib/gcc/arm-none-eabi/13.2.1/thumb/v6-m/nofp/crti.o
                0x10000284                _init
 *(EXCLUDE_FILE(*libm.a: *libc.a:*lib_a-mem*.o *libgcc.a:) .text*)
 .text.register_tm_clones
                0x10000288       0x28 C:/Users/ethan/.pico-sdk/toolchain/13_2_Rel1/bin/../lib/gcc/arm-none-eabi/13.2.1/thumb/v6-m/nofp/crtbegin.o
 .text.frame_dummy
                0x100002b0       0x24 C:/Users/ethan/.pico-sdk/toolchain/13_2_Rel1/bin/../lib/gcc/arm-none-eabi/13.2.1/thumb/v6-m/nofp/crtbegin.o
 .text.initializeIO
                0x100002d4       0x48 CMakeFiles/phase_ctrl.dir/phase_ctrl.c.obj
                0x100002d4                initializeIO
 .text.startup.main
                0x1000031c      0x1d4 CMakeFiles/phase_ctrl.dir/phase_ctrl.c.obj
                0x1000031c                main
 .text.triac_pulse
                0x100004f0       0x20 CMakeFiles/phase_ctrl.dir/triac_control.c.obj
                0x100004f0                triac_pulse
 .text.zero_crossing_callback
                0x10000510       0x64 CMakeFiles/phase_ctrl.dir/triac_control.c.obj
                0x10000510                zero_crossing_callback
 .text.setup_zero_crossing
                0x10000574       0x14 CMakeFiles/phase_ctrl.dir/triac_control.c.obj
                0x10000574                setup_zero_crossing
 .text.init_pid
                0x10000588       0x14 CMakeFiles/phase_ctrl.dir/pid_control.c.obj
                0x10000588                init_pid
 .text.pid_drive
                0x1000059c       0xd0 CMakeFiles/phase_ctrl.dir/pid_control.c.obj
                0x1000059c                pid_drive
 .text.max31855_init
                0x1000066c       0x48 CMakeFiles/phase_ctrl.dir/MAX31855.c.obj
                0x1000066c                max31855_init
 .text.max31855_read_thermocouple_temp_f
                0x100006b4       0xc8 CMakeFiles/phase_ctrl.dir/MAX31855.c.obj
                0x100006b4                max31855_read_thermocouple_temp_f
 .text.uart_rx_handler
                0x1000077c       0x8c CMakeFiles/phase_ctrl.dir/uart_comm.c.obj
                0x1000077c                uart_rx_handler
 .text.uart_comm_init
                0x10000808       0x70 CMakeFiles/phase_ctrl.dir/uart_comm.c.obj
                0x10000808                uart_comm_init
 .text.send_temperature
                0x10000878      0x110 CMakeFiles/phase_ctrl.dir/uart_comm.c.obj
                0x10000878                send_temperature
 .text.uart_data_available
                0x10000988        0xc CMakeFiles/phase_ctrl.dir/uart_comm.c.obj
                0x10000988                uart_data_available
 .text.get_received_data
                0x10000994      0x21c CMakeFiles/phase_ctrl.dir/uart_comm.c.obj
                0x10000994                get_received_data
 .text.gpio_default_irq_handler
                0x10000bb0      0x274 CMakeFiles/phase_ctrl.dir/C_/Users/ethan/.pico-sdk/sdk/2.0.0/src/rp2_common/hardware_gpio/gpio.c.obj
 .text.gpio_set_function
                0x10000e24       0x34 CMakeFiles/phase_ctrl.dir/C_/Users/ethan/.pico-sdk/sdk/2.0.0/src/rp2_common/hardware_gpio/gpio.c.obj
                0x10000e24                gpio_set_function
 .text.gpio_set_pulls
                0x10000e58       0x28 CMakeFiles/phase_ctrl.dir/C_/Users/ethan/.pico-sdk/sdk/2.0.0/src/rp2_common/hardware_gpio/gpio.c.obj
                0x10000e58                gpio_set_pulls
 .text.gpio_set_input_hysteresis_enabled
                0x10000e80       0x28 CMakeFiles/phase_ctrl.dir/C_/Users/ethan/.pico-sdk/sdk/2.0.0/src/rp2_common/hardware_gpio/gpio.c.obj
                0x10000e80                gpio_set_input_hysteresis_enabled
 .text.gpio_set_irq_enabled_with_callback
                0x10000ea8       0xd0 CMakeFiles/phase_ctrl.dir/C_/Users/ethan/.pico-sdk/sdk/2.0.0/src/rp2_common/hardware_gpio/gpio.c.obj
                0x10000ea8                gpio_set_irq_enabled_with_callback
 .text.gpio_init
                0x10000f78       0x40 CMakeFiles/phase_ctrl.dir/C_/Users/ethan/.pico-sdk/sdk/2.0.0/src/rp2_common/hardware_gpio/gpio.c.obj
                0x10000f78                gpio_init
 .text.panic    0x10000fb8       0x30 CMakeFiles/phase_ctrl.dir/C_/Users/ethan/.pico-sdk/sdk/2.0.0/src/rp2_common/pico_platform_panic/panic.c.obj
                0x10000fb8                panic
 .text.hw_claim_or_assert
                0x10000fe8       0x44 CMakeFiles/phase_ctrl.dir/C_/Users/ethan/.pico-sdk/sdk/2.0.0/src/common/hardware_claim/claim.c.obj
                0x10000fe8                hw_claim_or_assert
 .text.next_striped_spin_lock_num
                0x1000102c       0x18 CMakeFiles/phase_ctrl.dir/C_/Users/ethan/.pico-sdk/sdk/2.0.0/src/rp2_common/hardware_sync/sync.c.obj
                0x1000102c                next_striped_spin_lock_num
 .text.spin_locks_reset
                0x10001044       0x1c CMakeFiles/phase_ctrl.dir/C_/Users/ethan/.pico-sdk/sdk/2.0.0/src/rp2_common/hardware_sync_spin_lock/sync_spin_lock.c.obj
                0x10001044                spin_locks_reset
 .text.runtime_init_per_core_irq_priorities
                0x10001060       0x24 CMakeFiles/phase_ctrl.dir/C_/Users/ethan/.pico-sdk/sdk/2.0.0/src/rp2_common/hardware_irq/irq.c.obj
                0x10001060                runtime_init_per_core_irq_priorities
 .text.irq_set_enabled
                0x10001084       0x24 CMakeFiles/phase_ctrl.dir/C_/Users/ethan/.pico-sdk/sdk/2.0.0/src/rp2_common/hardware_irq/irq.c.obj
                0x10001084                irq_set_enabled
 .text.irq_is_enabled
                0x100010a8       0x18 CMakeFiles/phase_ctrl.dir/C_/Users/ethan/.pico-sdk/sdk/2.0.0/src/rp2_common/hardware_irq/irq.c.obj
                0x100010a8                irq_is_enabled
 .text.irq_set_exclusive_handler
                0x100010c0       0x54 CMakeFiles/phase_ctrl.dir/C_/Users/ethan/.pico-sdk/sdk/2.0.0/src/rp2_common/hardware_irq/irq.c.obj
                0x100010c0                irq_set_exclusive_handler
 .text.irq_add_shared_handler
                0x10001114      0x1f4 CMakeFiles/phase_ctrl.dir/C_/Users/ethan/.pico-sdk/sdk/2.0.0/src/rp2_common/hardware_irq/irq.c.obj
                0x10001114                irq_add_shared_handler
 .text.irq_remove_handler
                0x10001308      0x1d4 CMakeFiles/phase_ctrl.dir/C_/Users/ethan/.pico-sdk/sdk/2.0.0/src/rp2_common/hardware_irq/irq.c.obj
                0x10001308                irq_remove_handler
 .text.irq_set_priority
                0x100014dc       0x28 CMakeFiles/phase_ctrl.dir/C_/Users/ethan/.pico-sdk/sdk/2.0.0/src/rp2_common/hardware_irq/irq.c.obj
                0x100014dc                irq_set_priority
 .text.irq_add_tail_to_free_list
                0x10001504       0xb4 CMakeFiles/phase_ctrl.dir/C_/Users/ethan/.pico-sdk/sdk/2.0.0/src/rp2_common/hardware_irq/irq.c.obj
                0x10001504                irq_add_tail_to_free_list
 .text.lock_init
                0x100015b8       0x10 CMakeFiles/phase_ctrl.dir/C_/Users/ethan/.pico-sdk/sdk/2.0.0/src/common/pico_sync/lock_core.c.obj
                0x100015b8                lock_init
 .text.runtime_init_mutex
                0x100015c8       0x50 CMakeFiles/phase_ctrl.dir/C_/Users/ethan/.pico-sdk/sdk/2.0.0/src/common/pico_sync/mutex.c.obj
                0x100015c8                runtime_init_mutex
 .text.sleep_until_callback
                0x10001618       0x30 CMakeFiles/phase_ctrl.dir/C_/Users/ethan/.pico-sdk/sdk/2.0.0/src/common/pico_time/time.c.obj
 .text.alarm_pool_irq_handler
                0x10001648      0x2e4 CMakeFiles/phase_ctrl.dir/C_/Users/ethan/.pico-sdk/sdk/2.0.0/src/common/pico_time/time.c.obj
 .text.runtime_init_default_alarm_pool
                0x1000192c       0xdc CMakeFiles/phase_ctrl.dir/C_/Users/ethan/.pico-sdk/sdk/2.0.0/src/common/pico_time/time.c.obj
                0x1000192c                runtime_init_default_alarm_pool
 .text.alarm_pool_get_default
                0x10001a08        0x8 CMakeFiles/phase_ctrl.dir/C_/Users/ethan/.pico-sdk/sdk/2.0.0/src/common/pico_time/time.c.obj
                0x10001a08                alarm_pool_get_default
 .text.alarm_pool_add_alarm_at_force_in_context
                0x10001a10       0xb0 CMakeFiles/phase_ctrl.dir/C_/Users/ethan/.pico-sdk/sdk/2.0.0/src/common/pico_time/time.c.obj
                0x10001a10                alarm_pool_add_alarm_at_force_in_context
 .text.alarm_pool_cancel_alarm
                0x10001ac0       0x74 CMakeFiles/phase_ctrl.dir/C_/Users/ethan/.pico-sdk/sdk/2.0.0/src/common/pico_time/time.c.obj
                0x10001ac0                alarm_pool_cancel_alarm
 .text.sleep_until
                0x10001b34       0xd8 CMakeFiles/phase_ctrl.dir/C_/Users/ethan/.pico-sdk/sdk/2.0.0/src/common/pico_time/time.c.obj
                0x10001b34                sleep_until
 .text.sleep_ms
                0x10001c0c       0x38 CMakeFiles/phase_ctrl.dir/C_/Users/ethan/.pico-sdk/sdk/2.0.0/src/common/pico_time/time.c.obj
                0x10001c0c                sleep_ms
 .text.best_effort_wfe_or_timeout
                0x10001c44      0x134 CMakeFiles/phase_ctrl.dir/C_/Users/ethan/.pico-sdk/sdk/2.0.0/src/common/pico_time/time.c.obj
                0x10001c44                best_effort_wfe_or_timeout
 .text.alarm_pool_add_repeating_timer_us
                0x10001d78      0x128 CMakeFiles/phase_ctrl.dir/C_/Users/ethan/.pico-sdk/sdk/2.0.0/src/common/pico_time/time.c.obj
                0x10001d78                alarm_pool_add_repeating_timer_us
 .text.timer_hardware_alarm_claim
                0x10001ea0       0x14 CMakeFiles/phase_ctrl.dir/C_/Users/ethan/.pico-sdk/sdk/2.0.0/src/rp2_common/hardware_timer/timer.c.obj
                0x10001ea0                timer_hardware_alarm_claim
 .text.timer_time_us_64
                0x10001eb4       0x10 CMakeFiles/phase_ctrl.dir/C_/Users/ethan/.pico-sdk/sdk/2.0.0/src/rp2_common/hardware_timer/timer.c.obj
                0x10001eb4                timer_time_us_64
 .text.time_us_64
                0x10001ec4       0x14 CMakeFiles/phase_ctrl.dir/C_/Users/ethan/.pico-sdk/sdk/2.0.0/src/rp2_common/hardware_timer/timer.c.obj
                0x10001ec4                time_us_64
 .text.busy_wait_us
                0x10001ed8       0x68 CMakeFiles/phase_ctrl.dir/C_/Users/ethan/.pico-sdk/sdk/2.0.0/src/rp2_common/hardware_timer/timer.c.obj
                0x10001ed8                busy_wait_us
 .text.busy_wait_until
                0x10001f40       0x20 CMakeFiles/phase_ctrl.dir/C_/Users/ethan/.pico-sdk/sdk/2.0.0/src/rp2_common/hardware_timer/timer.c.obj
                0x10001f40                busy_wait_until
 .text.uart_init
                0x10001f60      0x120 CMakeFiles/phase_ctrl.dir/C_/Users/ethan/.pico-sdk/sdk/2.0.0/src/rp2_common/hardware_uart/uart.c.obj
                0x10001f60                uart_init
 .text.clock_configure_int_divider
                0x10002080       0xf4 CMakeFiles/phase_ctrl.dir/C_/Users/ethan/.pico-sdk/sdk/2.0.0/src/rp2_common/hardware_clocks/clocks.c.obj
                0x10002080                clock_configure_int_divider
 .text.clock_configure_undivided
                0x10002174       0xe8 CMakeFiles/phase_ctrl.dir/C_/Users/ethan/.pico-sdk/sdk/2.0.0/src/rp2_common/hardware_clocks/clocks.c.obj
                0x10002174                clock_configure_undivided
 .text.clock_get_hz
                0x1000225c        0xc CMakeFiles/phase_ctrl.dir/C_/Users/ethan/.pico-sdk/sdk/2.0.0/src/rp2_common/hardware_clocks/clocks.c.obj
                0x1000225c                clock_get_hz
 .text.pll_init
                0x10002268       0xa4 CMakeFiles/phase_ctrl.dir/C_/Users/ethan/.pico-sdk/sdk/2.0.0/src/rp2_common/hardware_pll/pll.c.obj
                0x10002268                pll_init
 .text.tick_start
                0x1000230c       0x10 CMakeFiles/phase_ctrl.dir/C_/Users/ethan/.pico-sdk/sdk/2.0.0/src/rp2_common/hardware_ticks/ticks.c.obj
                0x1000230c                tick_start
 .text.xosc_init
                0x1000231c       0x28 CMakeFiles/phase_ctrl.dir/C_/Users/ethan/.pico-sdk/sdk/2.0.0/src/rp2_common/hardware_xosc/xosc.c.obj
                0x1000231c                xosc_init
 .text.first_per_core_initializer
                0x10002344        0x4 CMakeFiles/phase_ctrl.dir/C_/Users/ethan/.pico-sdk/sdk/2.0.0/src/rp2_common/pico_runtime/runtime.c.obj
 .text.hard_assertion_failure
                0x10002348        0xc CMakeFiles/phase_ctrl.dir/C_/Users/ethan/.pico-sdk/sdk/2.0.0/src/rp2_common/pico_runtime/runtime.c.obj
                0x10002348                hard_assertion_failure
 .text.runtime_run_initializers
                0x10002354       0x28 CMakeFiles/phase_ctrl.dir/C_/Users/ethan/.pico-sdk/sdk/2.0.0/src/rp2_common/pico_runtime/runtime.c.obj
                0x10002354                runtime_run_initializers
 .text.runtime_run_per_core_initializers
                0x1000237c       0x28 CMakeFiles/phase_ctrl.dir/C_/Users/ethan/.pico-sdk/sdk/2.0.0/src/rp2_common/pico_runtime/runtime.c.obj
                0x1000237c                runtime_run_per_core_initializers
 .text.runtime_init_early_resets
                0x100023a4       0x2c CMakeFiles/phase_ctrl.dir/C_/Users/ethan/.pico-sdk/sdk/2.0.0/src/rp2_common/pico_runtime_init/runtime_init.c.obj
                0x100023a4                runtime_init_early_resets
 .text.runtime_init_usb_power_down
                0x100023d0       0x1c CMakeFiles/phase_ctrl.dir/C_/Users/ethan/.pico-sdk/sdk/2.0.0/src/rp2_common/pico_runtime_init/runtime_init.c.obj
                0x100023d0                runtime_init_usb_power_down
 .text.runtime_init_post_clock_resets
                0x100023ec       0x20 CMakeFiles/phase_ctrl.dir/C_/Users/ethan/.pico-sdk/sdk/2.0.0/src/rp2_common/pico_runtime_init/runtime_init.c.obj
                0x100023ec                runtime_init_post_clock_resets
 .text.runtime_init_rp2040_gpio_ie_disable
                0x1000240c       0x14 CMakeFiles/phase_ctrl.dir/C_/Users/ethan/.pico-sdk/sdk/2.0.0/src/rp2_common/pico_runtime_init/runtime_init.c.obj
                0x1000240c                runtime_init_rp2040_gpio_ie_disable
 .text.runtime_init_spin_locks_reset
                0x10002420        0x8 CMakeFiles/phase_ctrl.dir/C_/Users/ethan/.pico-sdk/sdk/2.0.0/src/rp2_common/pico_runtime_init/runtime_init.c.obj
                0x10002420                runtime_init_spin_locks_reset
 .text.runtime_init_install_ram_vector_table
                0x10002428       0x1c CMakeFiles/phase_ctrl.dir/C_/Users/ethan/.pico-sdk/sdk/2.0.0/src/rp2_common/pico_runtime_init/runtime_init.c.obj
                0x10002428                runtime_init_install_ram_vector_table
 .text.runtime_init_clocks
                0x10002444       0xd8 CMakeFiles/phase_ctrl.dir/C_/Users/ethan/.pico-sdk/sdk/2.0.0/src/rp2_common/pico_runtime_init/runtime_init_clocks.c.obj
                0x10002444                runtime_init_clocks
 .text          0x1000251c       0x10 CMakeFiles/phase_ctrl.dir/C_/Users/ethan/.pico-sdk/sdk/2.0.0/src/rp2_common/pico_bit_ops/bit_ops_aeabi.S.obj
 .text.rom_func_lookup
                0x1000252c       0x10 CMakeFiles/phase_ctrl.dir/C_/Users/ethan/.pico-sdk/sdk/2.0.0/src/rp2_common/pico_bootrom/bootrom.c.obj
                0x1000252c                rom_func_lookup
 .text.rom_data_lookup
                0x1000253c       0x10 CMakeFiles/phase_ctrl.dir/C_/Users/ethan/.pico-sdk/sdk/2.0.0/src/rp2_common/pico_bootrom/bootrom.c.obj
                0x1000253c                rom_data_lookup
 .text.rom_funcs_lookup
                0x1000254c       0x44 CMakeFiles/phase_ctrl.dir/C_/Users/ethan/.pico-sdk/sdk/2.0.0/src/rp2_common/pico_bootrom/bootrom.c.obj
                0x1000254c                rom_funcs_lookup
 .text.__wrap___aeabi_idiv
                0x10002590       0x50 CMakeFiles/phase_ctrl.dir/C_/Users/ethan/.pico-sdk/sdk/2.0.0/src/rp2_common/pico_divider/divider_hardware.S.obj
                0x10002590                __wrap___aeabi_idivmod
                0x10002590                divmod_s32s32
                0x10002590                div_s32s32
                0x10002590                __wrap___aeabi_idiv
                0x10002598                divmod_s32s32_unsafe
                0x100025c4                divmod_s32s32_savestate
 .text.__wrap___aeabi_uidiv
                0x100025e0       0x4c CMakeFiles/phase_ctrl.dir/C_/Users/ethan/.pico-sdk/sdk/2.0.0/src/rp2_common/pico_divider/divider_hardware.S.obj
                0x100025e0                __wrap___aeabi_uidiv
                0x100025e0                __wrap___aeabi_uidivmod
                0x100025e0                div_u32u32
                0x100025e0                divmod_u32u32
                0x100025e8                divmod_u32u32_unsafe
                0x10002610                divmod_u32u32_savestate
 .text.__wrap___aeabi_ldiv
                0x1000262c      0x424 CMakeFiles/phase_ctrl.dir/C_/Users/ethan/.pico-sdk/sdk/2.0.0/src/rp2_common/pico_divider/divider_hardware.S.obj
                0x1000262c                div_s64s64
                0x1000262c                divmod_s64s64
                0x1000262c                __wrap___aeabi_ldivmod
                0x1000265c                divmod_u64u64
                0x1000265c                div_u64u64
                0x1000265c                __wrap___aeabi_uldivmod
                0x1000266c                divmod_u64u64_savestate
                0x1000268c                divmod_s64s64_unsafe
                0x10002714                divmod_u64u64_unsafe
 .text.__wrap___aeabi_darithmetic
                0x10002a50       0x80 CMakeFiles/phase_ctrl.dir/C_/Users/ethan/.pico-sdk/sdk/2.0.0/src/rp2_common/pico_double/double_aeabi_rp2040.S.obj
                0x10002a50                __wrap___aeabi_drsub
                0x10002a56                __wrap___aeabi_dsub
                0x10002a68                __wrap___aeabi_dadd
                0x10002a7a                __wrap___aeabi_ddiv
                0x10002ab6                __wrap___aeabi_dmul
 .text.__wrap___aeabi_cdcmple
                0x10002ad0       0x6c CMakeFiles/phase_ctrl.dir/C_/Users/ethan/.pico-sdk/sdk/2.0.0/src/rp2_common/pico_double/double_aeabi_rp2040.S.obj
                0x10002ad0                __wrap___aeabi_cdrcmple
                0x10002ae0                __wrap___aeabi_cdcmpeq
                0x10002ae0                __wrap___aeabi_cdcmple
 .text.__wrap___aeabi_dcmpeq
                0x10002b3c       0x10 CMakeFiles/phase_ctrl.dir/C_/Users/ethan/.pico-sdk/sdk/2.0.0/src/rp2_common/pico_double/double_aeabi_rp2040.S.obj
                0x10002b3c                __wrap___aeabi_dcmpeq
 .text.__wrap___aeabi_dcmplt
                0x10002b4c        0xc CMakeFiles/phase_ctrl.dir/C_/Users/ethan/.pico-sdk/sdk/2.0.0/src/rp2_common/pico_double/double_aeabi_rp2040.S.obj
                0x10002b4c                __wrap___aeabi_dcmplt
 .text.__wrap___aeabi_dcmple
                0x10002b58       0x10 CMakeFiles/phase_ctrl.dir/C_/Users/ethan/.pico-sdk/sdk/2.0.0/src/rp2_common/pico_double/double_aeabi_rp2040.S.obj
                0x10002b58                __wrap___aeabi_dcmple
 .text.__wrap___aeabi_dcmpge
                0x10002b68       0x10 CMakeFiles/phase_ctrl.dir/C_/Users/ethan/.pico-sdk/sdk/2.0.0/src/rp2_common/pico_double/double_aeabi_rp2040.S.obj
                0x10002b68                __wrap___aeabi_dcmpge
 .text.__wrap___aeabi_dcmpgt
                0x10002b78        0xa CMakeFiles/phase_ctrl.dir/C_/Users/ethan/.pico-sdk/sdk/2.0.0/src/rp2_common/pico_double/double_aeabi_rp2040.S.obj
                0x10002b78                __wrap___aeabi_dcmpgt
 .text.__wrap___aeabi_dcmpun
                0x10002b82       0x18 CMakeFiles/phase_ctrl.dir/C_/Users/ethan/.pico-sdk/sdk/2.0.0/src/rp2_common/pico_double/double_aeabi_rp2040.S.obj
                0x10002b82                __wrap___aeabi_dcmpun
 *fill*         0x10002b9a        0x2 
 .text.__wrap___aeabi_i2d
                0x10002b9c       0x38 CMakeFiles/phase_ctrl.dir/C_/Users/ethan/.pico-sdk/sdk/2.0.0/src/rp2_common/pico_double/double_aeabi_rp2040.S.obj
                0x10002b9c                __wrap___aeabi_ui2d
                0x10002ba4                __wrap___aeabi_i2d
 .text.__wrap___aeabi_d2iz
                0x10002bd4       0x48 CMakeFiles/phase_ctrl.dir/C_/Users/ethan/.pico-sdk/sdk/2.0.0/src/rp2_common/pico_double/double_aeabi_rp2040.S.obj
                0x10002bd4                double2int_z
                0x10002bd4                __wrap___aeabi_d2iz
 .text.__wrap___aeabi_d2uiz
                0x10002c1c       0x18 CMakeFiles/phase_ctrl.dir/C_/Users/ethan/.pico-sdk/sdk/2.0.0/src/rp2_common/pico_double/double_aeabi_rp2040.S.obj
                0x10002c1c                __wrap___aeabi_d2uiz
                0x10002c1c                double2uint
 .text.__wrap___aeabi_l2d
                0x10002c34       0x18 CMakeFiles/phase_ctrl.dir/C_/Users/ethan/.pico-sdk/sdk/2.0.0/src/rp2_common/pico_double/double_aeabi_rp2040.S.obj
                0x10002c34                __wrap___aeabi_l2d
 .text.__wrap___aeabi_d2lz
                0x10002c4c       0x26 CMakeFiles/phase_ctrl.dir/C_/Users/ethan/.pico-sdk/sdk/2.0.0/src/rp2_common/pico_double/double_aeabi_rp2040.S.obj
                0x10002c4c                double2int64_z
                0x10002c4c                __wrap___aeabi_d2lz
 *fill*         0x10002c72        0x2 
 .text.double2int64
                0x10002c74       0x18 CMakeFiles/phase_ctrl.dir/C_/Users/ethan/.pico-sdk/sdk/2.0.0/src/rp2_common/pico_double/double_aeabi_rp2040.S.obj
                0x10002c74                double2int64
 .text.double2ufix64
                0x10002c8c       0x18 CMakeFiles/phase_ctrl.dir/C_/Users/ethan/.pico-sdk/sdk/2.0.0/src/rp2_common/pico_double/double_aeabi_rp2040.S.obj
                0x10002c8c                double2ufix64
 .text.__wrap___aeabi_d2f
                0x10002ca4       0x18 CMakeFiles/phase_ctrl.dir/C_/Users/ethan/.pico-sdk/sdk/2.0.0/src/rp2_common/pico_double/double_aeabi_rp2040.S.obj
                0x10002ca4                __wrap___aeabi_d2f
 .text.__aeabi_double_init
                0x10002cbc       0xa4 CMakeFiles/phase_ctrl.dir/C_/Users/ethan/.pico-sdk/sdk/2.0.0/src/rp2_common/pico_double/double_init_rom_rp2040.c.obj
                0x10002cbc                __aeabi_double_init
 .text.double_table_shim_on_use_helper
                0x10002d60       0x2c CMakeFiles/phase_ctrl.dir/C_/Users/ethan/.pico-sdk/sdk/2.0.0/src/rp2_common/pico_double/double_v1_rom_shim_rp2040.S.obj
                0x10002d60                double_table_shim_on_use_helper
 .text.__wrap___aeabi_dsub
                0x10002d8c       0x10 CMakeFiles/phase_ctrl.dir/C_/Users/ethan/.pico-sdk/sdk/2.0.0/src/rp2_common/pico_double/double_v1_rom_shim_rp2040.S.obj
                0x10002d8c                drsub_shim
                0x10002d92                dsub_shim
 .text.dadd_shim
                0x10002d9c      0x15c CMakeFiles/phase_ctrl.dir/C_/Users/ethan/.pico-sdk/sdk/2.0.0/src/rp2_common/pico_double/double_v1_rom_shim_rp2040.S.obj
                0x10002d9c                dadd_shim
 .text.dmul_shim
                0x10002ef8      0x15c CMakeFiles/phase_ctrl.dir/C_/Users/ethan/.pico-sdk/sdk/2.0.0/src/rp2_common/pico_double/double_v1_rom_shim_rp2040.S.obj
                0x10002ef8                dmul_shim
 .text.ddiv_shim
                0x10003054      0x1b0 CMakeFiles/phase_ctrl.dir/C_/Users/ethan/.pico-sdk/sdk/2.0.0/src/rp2_common/pico_double/double_v1_rom_shim_rp2040.S.obj
                0x10003054                ddiv_shim
 .text.double2uint_shim
                0x10003204        0xe CMakeFiles/phase_ctrl.dir/C_/Users/ethan/.pico-sdk/sdk/2.0.0/src/rp2_common/pico_double/double_v1_rom_shim_rp2040.S.obj
                0x10003204                double2uint_shim
                0x10003206                double2ufix_shim
 .text.double2int64_shim
                0x10003212       0x1a CMakeFiles/phase_ctrl.dir/C_/Users/ethan/.pico-sdk/sdk/2.0.0/src/rp2_common/pico_double/double_v1_rom_shim_rp2040.S.obj
                0x10003212                double2int64_shim
                0x10003214                double2fix64_shim
 .text.double2uint64_shim
                0x1000322c       0x70 CMakeFiles/phase_ctrl.dir/C_/Users/ethan/.pico-sdk/sdk/2.0.0/src/rp2_common/pico_double/double_v1_rom_shim_rp2040.S.obj
                0x1000322c                double2uint64_shim
                0x1000322e                double2ufix64_shim
                0x1000324e                d2fix_a
 .text.double2float_shim
                0x1000329c       0x5c CMakeFiles/phase_ctrl.dir/C_/Users/ethan/.pico-sdk/sdk/2.0.0/src/rp2_common/pico_double/double_v1_rom_shim_rp2040.S.obj
                0x1000329c                double2float_shim
 .text.x2double_shims
                0x100032f8       0x90 CMakeFiles/phase_ctrl.dir/C_/Users/ethan/.pico-sdk/sdk/2.0.0/src/rp2_common/pico_double/double_v1_rom_shim_rp2040.S.obj
                0x100032f8                uint2double_shim
                0x100032fa                ufix2double_shim
                0x10003300                int2double_shim
                0x10003302                fix2double_shim
                0x10003308                uint642double_shim
                0x1000330a                ufix642double_shim
                0x10003310                int642double_shim
                0x10003312                fix642double_shim
 .text.dunpacks
                0x10003388       0x3c CMakeFiles/phase_ctrl.dir/C_/Users/ethan/.pico-sdk/sdk/2.0.0/src/rp2_common/pico_double/double_v1_rom_shim_rp2040.S.obj
                0x10003388                dunpacks
 .text.__aeabi_lmul
                0x100033c4       0x32 CMakeFiles/phase_ctrl.dir/C_/Users/ethan/.pico-sdk/sdk/2.0.0/src/rp2_common/pico_int64_ops/pico_int64_ops_aeabi.S.obj
                0x100033c4                __wrap___aeabi_lmul
 *fill*         0x100033f6        0x2 
 .text.__wrap___aeabi_farithmetic
                0x100033f8       0x48 CMakeFiles/phase_ctrl.dir/C_/Users/ethan/.pico-sdk/sdk/2.0.0/src/rp2_common/pico_float/float_aeabi_rp2040.S.obj
                0x100033f8                __wrap___aeabi_frsub
                0x100033fe                __wrap___aeabi_fsub
                0x10003404                __wrap___aeabi_fadd
                0x1000340a                __wrap___aeabi_fdiv
                0x10003432                __wrap___aeabi_fmul
 .text.__wrap___aeabi_cfcmple
                0x10003440       0x50 CMakeFiles/phase_ctrl.dir/C_/Users/ethan/.pico-sdk/sdk/2.0.0/src/rp2_common/pico_float/float_aeabi_rp2040.S.obj
                0x10003440                __wrap___aeabi_cfrcmple
                0x1000344c                __wrap___aeabi_cfcmple
                0x1000344c                __wrap___aeabi_cfcmpeq
 .text.__wrap___aeabi_fcmple
                0x10003490       0x10 CMakeFiles/phase_ctrl.dir/C_/Users/ethan/.pico-sdk/sdk/2.0.0/src/rp2_common/pico_float/float_aeabi_rp2040.S.obj
                0x10003490                __wrap___aeabi_fcmple
 .text.__wrap___aeabi_fcmpgt
                0x100034a0        0xa CMakeFiles/phase_ctrl.dir/C_/Users/ethan/.pico-sdk/sdk/2.0.0/src/rp2_common/pico_float/float_aeabi_rp2040.S.obj
                0x100034a0                __wrap___aeabi_fcmpgt
 .text.__wrap___aeabi_fcmpun
                0x100034aa       0x18 CMakeFiles/phase_ctrl.dir/C_/Users/ethan/.pico-sdk/sdk/2.0.0/src/rp2_common/pico_float/float_aeabi_rp2040.S.obj
                0x100034aa                __wrap___aeabi_fcmpun
 *fill*         0x100034c2        0x2 
 .text.__wrap___aeabi_i2f
                0x100034c4       0x44 CMakeFiles/phase_ctrl.dir/C_/Users/ethan/.pico-sdk/sdk/2.0.0/src/rp2_common/pico_float/float_aeabi_rp2040.S.obj
                0x100034c4                __wrap___aeabi_i2f
                0x100034c4                int2float
 .text.__wrap___aeabi_f2iz
                0x10003508       0x4e CMakeFiles/phase_ctrl.dir/C_/Users/ethan/.pico-sdk/sdk/2.0.0/src/rp2_common/pico_float/float_aeabi_rp2040.S.obj
                0x10003508                float2int_z
                0x10003508                __wrap___aeabi_f2iz
 *fill*         0x10003556        0x2 
 .text.float2int
                0x10003558       0x14 CMakeFiles/phase_ctrl.dir/C_/Users/ethan/.pico-sdk/sdk/2.0.0/src/rp2_common/pico_float/float_aeabi_rp2040.S.obj
                0x10003558                float2int
 .text.__wrap___aeabi_f2uiz
                0x1000356c        0xc CMakeFiles/phase_ctrl.dir/C_/Users/ethan/.pico-sdk/sdk/2.0.0/src/rp2_common/pico_float/float_aeabi_rp2040.S.obj
                0x1000356c                __wrap___aeabi_f2uiz
                0x1000356c                float2uint_z
 .text.__wrap___aeabi_f2d
                0x10003578       0x14 CMakeFiles/phase_ctrl.dir/C_/Users/ethan/.pico-sdk/sdk/2.0.0/src/rp2_common/pico_float/float_aeabi_rp2040.S.obj
                0x10003578                __wrap___aeabi_f2d
 .text.__aeabi_float_init
                0x1000358c       0x64 CMakeFiles/phase_ctrl.dir/C_/Users/ethan/.pico-sdk/sdk/2.0.0/src/rp2_common/pico_float/float_init_rom_rp2040.c.obj
                0x1000358c                __aeabi_float_init
 .text.float_table_shim_on_use_helper
                0x100035f0       0x2c CMakeFiles/phase_ctrl.dir/C_/Users/ethan/.pico-sdk/sdk/2.0.0/src/rp2_common/pico_float/float_v1_rom_shim_rp2040.S.obj
                0x100035f0                float_table_shim_on_use_helper
 .text.float232_shims
                0x1000361c       0x18 CMakeFiles/phase_ctrl.dir/C_/Users/ethan/.pico-sdk/sdk/2.0.0/src/rp2_common/pico_float/float_v1_rom_shim_rp2040.S.obj
                0x1000361c                float2int_shim
                0x1000361e                float2fix_shim
 .text.float2double_shim
                0x10003634       0x30 CMakeFiles/phase_ctrl.dir/C_/Users/ethan/.pico-sdk/sdk/2.0.0/src/rp2_common/pico_float/float_v1_rom_shim_rp2040.S.obj
                0x10003634                float2double_shim
 .text          0x10003664       0x10 CMakeFiles/phase_ctrl.dir/C_/Users/ethan/.pico-sdk/sdk/2.0.0/src/rp2_common/pico_mem_ops/mem_ops_aeabi.S.obj
                0x10003664                __aeabi_mem_init
 .text.memset   0x10003674        0xc CMakeFiles/phase_ctrl.dir/C_/Users/ethan/.pico-sdk/sdk/2.0.0/src/rp2_common/pico_mem_ops/mem_ops_aeabi.S.obj
                0x10003674                __wrap_memset
 .text.memcpy   0x10003680        0xc CMakeFiles/phase_ctrl.dir/C_/Users/ethan/.pico-sdk/sdk/2.0.0/src/rp2_common/pico_mem_ops/mem_ops_aeabi.S.obj
                0x10003680                __wrap_memcpy
                0x10003680                __wrap___aeabi_memcpy
 .text._out_buffer
                0x1000368c        0x8 CMakeFiles/phase_ctrl.dir/C_/Users/ethan/.pico-sdk/sdk/2.0.0/src/rp2_common/pico_printf/printf.c.obj
 .text._out_null
                0x10003694        0x4 CMakeFiles/phase_ctrl.dir/C_/Users/ethan/.pico-sdk/sdk/2.0.0/src/rp2_common/pico_printf/printf.c.obj
 .text._out_rev
                0x10003698       0xac CMakeFiles/phase_ctrl.dir/C_/Users/ethan/.pico-sdk/sdk/2.0.0/src/rp2_common/pico_printf/printf.c.obj
 .text._ntoa_format
                0x10003744      0x250 CMakeFiles/phase_ctrl.dir/C_/Users/ethan/.pico-sdk/sdk/2.0.0/src/rp2_common/pico_printf/printf.c.obj
 .text._out_char
                0x10003994       0x10 CMakeFiles/phase_ctrl.dir/C_/Users/ethan/.pico-sdk/sdk/2.0.0/src/rp2_common/pico_printf/printf.c.obj
 .text._out_fct
                0x100039a4       0x10 CMakeFiles/phase_ctrl.dir/C_/Users/ethan/.pico-sdk/sdk/2.0.0/src/rp2_common/pico_printf/printf.c.obj
 .text._etoa    0x100039b4      0x464 CMakeFiles/phase_ctrl.dir/C_/Users/ethan/.pico-sdk/sdk/2.0.0/src/rp2_common/pico_printf/printf.c.obj
 .text._ftoa    0x10003e18      0x3c0 CMakeFiles/phase_ctrl.dir/C_/Users/ethan/.pico-sdk/sdk/2.0.0/src/rp2_common/pico_printf/printf.c.obj
 .text._vsnprintf
                0x100041d8      0xbc8 CMakeFiles/phase_ctrl.dir/C_/Users/ethan/.pico-sdk/sdk/2.0.0/src/rp2_common/pico_printf/printf.c.obj
 .text.__wrap_snprintf
                0x10004da0       0x28 CMakeFiles/phase_ctrl.dir/C_/Users/ethan/.pico-sdk/sdk/2.0.0/src/rp2_common/pico_printf/printf.c.obj
                0x10004da0                __wrap_snprintf
 .text.vfctprintf
                0x10004dc8       0x20 CMakeFiles/phase_ctrl.dir/C_/Users/ethan/.pico-sdk/sdk/2.0.0/src/rp2_common/pico_printf/printf.c.obj
                0x10004dc8                vfctprintf
 .text.weak_raw_printf
                0x10004de8       0x40 CMakeFiles/phase_ctrl.dir/C_/Users/ethan/.pico-sdk/sdk/2.0.0/src/rp2_common/pico_printf/printf.c.obj
                0x10004de8                weak_raw_printf
 .text.weak_raw_vprintf
                0x10004e28       0x30 CMakeFiles/phase_ctrl.dir/C_/Users/ethan/.pico-sdk/sdk/2.0.0/src/rp2_common/pico_printf/printf.c.obj
                0x10004e28                weak_raw_vprintf
 .text._exit    0x10004e58        0x4 CMakeFiles/phase_ctrl.dir/C_/Users/ethan/.pico-sdk/sdk/2.0.0/src/rp2_common/pico_clib_interface/newlib_interface.c.obj
                0x10004e58                _exit
 .text._sbrk    0x10004e5c       0x34 CMakeFiles/phase_ctrl.dir/C_/Users/ethan/.pico-sdk/sdk/2.0.0/src/rp2_common/pico_clib_interface/newlib_interface.c.obj
                0x10004e5c                _sbrk
 .text.exit     0x10004e90        0x8 CMakeFiles/phase_ctrl.dir/C_/Users/ethan/.pico-sdk/sdk/2.0.0/src/rp2_common/pico_clib_interface/newlib_interface.c.obj
                0x10004e90                exit
 .text.__assert_func
                0x10004e98       0x38 CMakeFiles/phase_ctrl.dir/C_/Users/ethan/.pico-sdk/sdk/2.0.0/src/rp2_common/pico_clib_interface/newlib_interface.c.obj
                0x10004e98                __assert_func
 .text.runtime_init
                0x10004ed0       0x2c CMakeFiles/phase_ctrl.dir/C_/Users/ethan/.pico-sdk/sdk/2.0.0/src/rp2_common/pico_clib_interface/newlib_interface.c.obj
                0x10004ed0                runtime_init
 .text.stdio_out_chars_no_crlf
                0x10004efc       0x10 CMakeFiles/phase_ctrl.dir/C_/Users/ethan/.pico-sdk/sdk/2.0.0/src/rp2_common/pico_stdio/stdio.c.obj
 .text.stdio_out_chars_crlf
                0x10004f0c       0x94 CMakeFiles/phase_ctrl.dir/C_/Users/ethan/.pico-sdk/sdk/2.0.0/src/rp2_common/pico_stdio/stdio.c.obj
 .text.stdio_buffered_printer
                0x10004fa0       0x64 CMakeFiles/phase_ctrl.dir/C_/Users/ethan/.pico-sdk/sdk/2.0.0/src/rp2_common/pico_stdio/stdio.c.obj
 .text.stdio_put_string
                0x10005004      0x100 CMakeFiles/phase_ctrl.dir/C_/Users/ethan/.pico-sdk/sdk/2.0.0/src/rp2_common/pico_stdio/stdio.c.obj
                0x10005004                stdio_put_string
 .text.stdio_set_driver_enabled
                0x10005104       0x30 CMakeFiles/phase_ctrl.dir/C_/Users/ethan/.pico-sdk/sdk/2.0.0/src/rp2_common/pico_stdio/stdio.c.obj
                0x10005104                stdio_set_driver_enabled
 .text.stdio_init_all
                0x10005134        0xc CMakeFiles/phase_ctrl.dir/C_/Users/ethan/.pico-sdk/sdk/2.0.0/src/rp2_common/pico_stdio/stdio.c.obj
                0x10005134                stdio_init_all
 .text.__wrap_putchar
                0x10005140       0x98 CMakeFiles/phase_ctrl.dir/C_/Users/ethan/.pico-sdk/sdk/2.0.0/src/rp2_common/pico_stdio/stdio.c.obj
                0x10005140                __wrap_putchar
                0x10005140                stdio_putchar
 .text.__wrap_puts
                0x100051d8       0x3c CMakeFiles/phase_ctrl.dir/C_/Users/ethan/.pico-sdk/sdk/2.0.0/src/rp2_common/pico_stdio/stdio.c.obj
                0x100051d8                stdio_puts
                0x100051d8                __wrap_puts
 .text.__wrap_vprintf
                0x10005214       0xd4 CMakeFiles/phase_ctrl.dir/C_/Users/ethan/.pico-sdk/sdk/2.0.0/src/rp2_common/pico_stdio/stdio.c.obj
                0x10005214                stdio_vprintf
                0x10005214                __wrap_vprintf
 .text.__wrap_printf
                0x100052e8       0x18 CMakeFiles/phase_ctrl.dir/C_/Users/ethan/.pico-sdk/sdk/2.0.0/src/rp2_common/pico_stdio/stdio.c.obj
                0x100052e8                __wrap_printf
                0x100052e8                stdio_printf
 .text.stdio_uart_out_chars
                0x10005300       0x4c CMakeFiles/phase_ctrl.dir/C_/Users/ethan/.pico-sdk/sdk/2.0.0/src/rp2_common/pico_stdio_uart/stdio_uart.c.obj
 .text.stdio_uart_in_chars
                0x1000534c       0x90 CMakeFiles/phase_ctrl.dir/C_/Users/ethan/.pico-sdk/sdk/2.0.0/src/rp2_common/pico_stdio_uart/stdio_uart.c.obj
                0x1000534c                stdio_uart_in_chars
 .text.on_uart_rx
                0x100053dc       0x28 CMakeFiles/phase_ctrl.dir/C_/Users/ethan/.pico-sdk/sdk/2.0.0/src/rp2_common/pico_stdio_uart/stdio_uart.c.obj
 .text.stdio_uart_out_flush
                0x10005404       0x10 CMakeFiles/phase_ctrl.dir/C_/Users/ethan/.pico-sdk/sdk/2.0.0/src/rp2_common/pico_stdio_uart/stdio_uart.c.obj
 .text.stdio_uart_set_chars_available_callback
                0x10005414       0x8c CMakeFiles/phase_ctrl.dir/C_/Users/ethan/.pico-sdk/sdk/2.0.0/src/rp2_common/pico_stdio_uart/stdio_uart.c.obj
 .text.stdio_uart_init
                0x100054a0       0x50 CMakeFiles/phase_ctrl.dir/C_/Users/ethan/.pico-sdk/sdk/2.0.0/src/rp2_common/pico_stdio_uart/stdio_uart.c.obj
                0x100054a0                stdio_uart_init
 .text.core1_trampoline
                0x100054f0        0x4 CMakeFiles/phase_ctrl.dir/C_/Users/ethan/.pico-sdk/sdk/2.0.0/src/rp2_common/pico_multicore/multicore.c.obj
 .text.core1_wrapper
                0x100054f4        0xc CMakeFiles/phase_ctrl.dir/C_/Users/ethan/.pico-sdk/sdk/2.0.0/src/rp2_common/pico_multicore/multicore.c.obj
                0x100054f4                core1_wrapper
 .text.multicore_launch_core1_raw
                0x10005500       0x84 CMakeFiles/phase_ctrl.dir/C_/Users/ethan/.pico-sdk/sdk/2.0.0/src/rp2_common/pico_multicore/multicore.c.obj
                0x10005500                multicore_launch_core1_raw
 .text.multicore_launch_core1
                0x10005584       0x58 CMakeFiles/phase_ctrl.dir/C_/Users/ethan/.pico-sdk/sdk/2.0.0/src/rp2_common/pico_multicore/multicore.c.obj
                0x10005584                multicore_launch_core1
 .text.spi_init
                0x100055dc      0x13c CMakeFiles/phase_ctrl.dir/C_/Users/ethan/.pico-sdk/sdk/2.0.0/src/rp2_common/hardware_spi/spi.c.obj
                0x100055dc                spi_init
 .text.atof     0x10005718        0xc C:/Users/ethan/.pico-sdk/toolchain/13_2_Rel1/bin/../lib/gcc/arm-none-eabi/13.2.1/thumb/v6-m/nofp\libg.a(libc_a-atof.o)
                0x10005718                atof
 .text.atoi     0x10005724        0xc C:/Users/ethan/.pico-sdk/toolchain/13_2_Rel1/bin/../lib/gcc/arm-none-eabi/13.2.1/thumb/v6-m/nofp\libg.a(libc_a-atoi.o)
                0x10005724                atoi
 .text._calloc_r
                0x10005730       0xa8 C:/Users/ethan/.pico-sdk/toolchain/13_2_Rel1/bin/../lib/gcc/arm-none-eabi/13.2.1/thumb/v6-m/nofp\libg.a(libc_a-callocr.o)
                0x10005730                _calloc_r
 .text._malloc_r
                0x100057d8      0x5c4 C:/Users/ethan/.pico-sdk/toolchain/13_2_Rel1/bin/../lib/gcc/arm-none-eabi/13.2.1/thumb/v6-m/nofp\libg.a(libc_a-mallocr.o)
                0x100057d8                _malloc_r
 .text.__malloc_lock
                0x10005d9c       0x10 C:/Users/ethan/.pico-sdk/toolchain/13_2_Rel1/bin/../lib/gcc/arm-none-eabi/13.2.1/thumb/v6-m/nofp\libg.a(libc_a-mlock.o)
                0x10005d9c                __malloc_lock
 .text.__malloc_unlock
                0x10005dac       0x10 C:/Users/ethan/.pico-sdk/toolchain/13_2_Rel1/bin/../lib/gcc/arm-none-eabi/13.2.1/thumb/v6-m/nofp\libg.a(libc_a-mlock.o)
                0x10005dac                __malloc_unlock
 .text.sulp     0x10005dbc       0x30 C:/Users/ethan/.pico-sdk/toolchain/13_2_Rel1/bin/../lib/gcc/arm-none-eabi/13.2.1/thumb/v6-m/nofp\libg.a(libc_a-strtod.o)
 .text._strtod_l
                0x10005dec      0xeb8 C:/Users/ethan/.pico-sdk/toolchain/13_2_Rel1/bin/../lib/gcc/arm-none-eabi/13.2.1/thumb/v6-m/nofp\libg.a(libc_a-strtod.o)
                0x10005dec                _strtod_l
 .text.strtod   0x10006ca4       0x1c C:/Users/ethan/.pico-sdk/toolchain/13_2_Rel1/bin/../lib/gcc/arm-none-eabi/13.2.1/thumb/v6-m/nofp\libg.a(libc_a-strtod.o)
                0x10006ca4                strtod
 .text._strtol_l.isra.0
                0x10006cc0      0x158 C:/Users/ethan/.pico-sdk/toolchain/13_2_Rel1/bin/../lib/gcc/arm-none-eabi/13.2.1/thumb/v6-m/nofp\libg.a(libc_a-strtol.o)
 .text.strtol   0x10006e18       0x18 C:/Users/ethan/.pico-sdk/toolchain/13_2_Rel1/bin/../lib/gcc/arm-none-eabi/13.2.1/thumb/v6-m/nofp\libg.a(libc_a-strtol.o)
                0x10006e18                strtol
 .text.strncmp  0x10006e30       0x74 C:/Users/ethan/.pico-sdk/toolchain/13_2_Rel1/bin/../lib/gcc/arm-none-eabi/13.2.1/thumb/v6-m/nofp\libg.a(libc_a-strncmp.o)
                0x10006e30                strncmp
 .text.strtok   0x10006ea4       0x14 C:/Users/ethan/.pico-sdk/toolchain/13_2_Rel1/bin/../lib/gcc/arm-none-eabi/13.2.1/thumb/v6-m/nofp\libg.a(libc_a-strtok.o)
                0x10006ea4                strtok
 .text.__strtok_r
                0x10006eb8       0x64 C:/Users/ethan/.pico-sdk/toolchain/13_2_Rel1/bin/../lib/gcc/arm-none-eabi/13.2.1/thumb/v6-m/nofp\libg.a(libc_a-strtok_r.o)
                0x10006eb8                __strtok_r
 .text._sbrk_r  0x10006f1c       0x24 C:/Users/ethan/.pico-sdk/toolchain/13_2_Rel1/bin/../lib/gcc/arm-none-eabi/13.2.1/thumb/v6-m/nofp\libg.a(libc_a-sbrkr.o)
                0x10006f1c                _sbrk_r
 .text.__errno  0x10006f40        0xc C:/Users/ethan/.pico-sdk/toolchain/13_2_Rel1/bin/../lib/gcc/arm-none-eabi/13.2.1/thumb/v6-m/nofp\libg.a(libc_a-errno.o)
                0x10006f40                __errno
 .text.__retarget_lock_acquire_recursive
                0x10006f4c        0x4 C:/Users/ethan/.pico-sdk/toolchain/13_2_Rel1/bin/../lib/gcc/arm-none-eabi/13.2.1/thumb/v6-m/nofp\libg.a(libc_a-lock.o)
                0x10006f4c                __retarget_lock_acquire_recursive
 .text.__retarget_lock_release_recursive
                0x10006f50        0x4 C:/Users/ethan/.pico-sdk/toolchain/13_2_Rel1/bin/../lib/gcc/arm-none-eabi/13.2.1/thumb/v6-m/nofp\libg.a(libc_a-lock.o)
                0x10006f50                __retarget_lock_release_recursive
 .text.sysconf  0x10006f54       0x1c C:/Users/ethan/.pico-sdk/toolchain/13_2_Rel1/bin/../lib/gcc/arm-none-eabi/13.2.1/thumb/v6-m/nofp\libg.a(libc_a-sysconf.o)
                0x10006f54                sysconf
 .text.strlen   0x10006f70       0x5c C:/Users/ethan/.pico-sdk/toolchain/13_2_Rel1/bin/../lib/gcc/arm-none-eabi/13.2.1/thumb/v6-m/nofp\libg.a(libc_a-strlen-stub.o)
                0x10006f70                strlen
 .text.nan      0x10006fcc        0xc C:/Users/ethan/.pico-sdk/toolchain/13_2_Rel1/bin/../lib/gcc/arm-none-eabi/13.2.1/thumb/v6-m/nofp\libg.a(libm_a-s_nan.o)
                0x10006fcc                nan
 .text._malloc_trim_r
                0x10006fd8       0xb4 C:/Users/ethan/.pico-sdk/toolchain/13_2_Rel1/bin/../lib/gcc/arm-none-eabi/13.2.1/thumb/v6-m/nofp\libg.a(libc_a-freer.o)
                0x10006fd8                _malloc_trim_r
 .text._free_r  0x1000708c      0x1d4 C:/Users/ethan/.pico-sdk/toolchain/13_2_Rel1/bin/../lib/gcc/arm-none-eabi/13.2.1/thumb/v6-m/nofp\libg.a(libc_a-freer.o)
                0x1000708c                _free_r
 .text.rshift   0x10007260       0xb0 C:/Users/ethan/.pico-sdk/toolchain/13_2_Rel1/bin/../lib/gcc/arm-none-eabi/13.2.1/thumb/v6-m/nofp\libg.a(libc_a-gdtoa-gethex.o)
 .text.__gethex
                0x10007310      0x5a8 C:/Users/ethan/.pico-sdk/toolchain/13_2_Rel1/bin/../lib/gcc/arm-none-eabi/13.2.1/thumb/v6-m/nofp\libg.a(libc_a-gdtoa-gethex.o)
                0x10007310                __gethex
 .text.__match  0x100078b8       0x2c C:/Users/ethan/.pico-sdk/toolchain/13_2_Rel1/bin/../lib/gcc/arm-none-eabi/13.2.1/thumb/v6-m/nofp\libg.a(libc_a-gdtoa-hexnan.o)
                0x100078b8                __match
 .text.__hexnan
                0x100078e4      0x204 C:/Users/ethan/.pico-sdk/toolchain/13_2_Rel1/bin/../lib/gcc/arm-none-eabi/13.2.1/thumb/v6-m/nofp\libg.a(libc_a-gdtoa-hexnan.o)
                0x100078e4                __hexnan
 .text.__ascii_mbtowc
                0x10007ae8       0x2c C:/Users/ethan/.pico-sdk/toolchain/13_2_Rel1/bin/../lib/gcc/arm-none-eabi/13.2.1/thumb/v6-m/nofp\libg.a(libc_a-mbtowc_r.o)
                0x10007ae8                __ascii_mbtowc
 .text._Balloc  0x10007b14       0x50 C:/Users/ethan/.pico-sdk/toolchain/13_2_Rel1/bin/../lib/gcc/arm-none-eabi/13.2.1/thumb/v6-m/nofp\libg.a(libc_a-mprec.o)
                0x10007b14                _Balloc
 .text._Bfree   0x10007b64       0x14 C:/Users/ethan/.pico-sdk/toolchain/13_2_Rel1/bin/../lib/gcc/arm-none-eabi/13.2.1/thumb/v6-m/nofp\libg.a(libc_a-mprec.o)
                0x10007b64                _Bfree
 .text.__multadd
                0x10007b78       0xa8 C:/Users/ethan/.pico-sdk/toolchain/13_2_Rel1/bin/../lib/gcc/arm-none-eabi/13.2.1/thumb/v6-m/nofp\libg.a(libc_a-mprec.o)
                0x10007b78                __multadd
 .text.__s2b    0x10007c20       0xb0 C:/Users/ethan/.pico-sdk/toolchain/13_2_Rel1/bin/../lib/gcc/arm-none-eabi/13.2.1/thumb/v6-m/nofp\libg.a(libc_a-mprec.o)
                0x10007c20                __s2b
 .text.__hi0bits
                0x10007cd0       0x4c C:/Users/ethan/.pico-sdk/toolchain/13_2_Rel1/bin/../lib/gcc/arm-none-eabi/13.2.1/thumb/v6-m/nofp\libg.a(libc_a-mprec.o)
                0x10007cd0                __hi0bits
 .text.__lo0bits
                0x10007d1c       0x5c C:/Users/ethan/.pico-sdk/toolchain/13_2_Rel1/bin/../lib/gcc/arm-none-eabi/13.2.1/thumb/v6-m/nofp\libg.a(libc_a-mprec.o)
                0x10007d1c                __lo0bits
 .text.__i2b    0x10007d78       0x60 C:/Users/ethan/.pico-sdk/toolchain/13_2_Rel1/bin/../lib/gcc/arm-none-eabi/13.2.1/thumb/v6-m/nofp\libg.a(libc_a-mprec.o)
                0x10007d78                __i2b
 .text.__multiply
                0x10007dd8      0x1ac C:/Users/ethan/.pico-sdk/toolchain/13_2_Rel1/bin/../lib/gcc/arm-none-eabi/13.2.1/thumb/v6-m/nofp\libg.a(libc_a-mprec.o)
                0x10007dd8                __multiply
 .text.__pow5mult
                0x10007f84       0xd0 C:/Users/ethan/.pico-sdk/toolchain/13_2_Rel1/bin/../lib/gcc/arm-none-eabi/13.2.1/thumb/v6-m/nofp\libg.a(libc_a-mprec.o)
                0x10007f84                __pow5mult
 .text.__lshift
                0x10008054       0xfc C:/Users/ethan/.pico-sdk/toolchain/13_2_Rel1/bin/../lib/gcc/arm-none-eabi/13.2.1/thumb/v6-m/nofp\libg.a(libc_a-mprec.o)
                0x10008054                __lshift
 .text.__mcmp   0x10008150       0x3c C:/Users/ethan/.pico-sdk/toolchain/13_2_Rel1/bin/../lib/gcc/arm-none-eabi/13.2.1/thumb/v6-m/nofp\libg.a(libc_a-mprec.o)
                0x10008150                __mcmp
 .text.__mdiff  0x1000818c      0x1b4 C:/Users/ethan/.pico-sdk/toolchain/13_2_Rel1/bin/../lib/gcc/arm-none-eabi/13.2.1/thumb/v6-m/nofp\libg.a(libc_a-mprec.o)
                0x1000818c                __mdiff
 .text.__ulp    0x10008340       0x40 C:/Users/ethan/.pico-sdk/toolchain/13_2_Rel1/bin/../lib/gcc/arm-none-eabi/13.2.1/thumb/v6-m/nofp\libg.a(libc_a-mprec.o)
                0x10008340                __ulp
 .text.__b2d    0x10008380       0xb8 C:/Users/ethan/.pico-sdk/toolchain/13_2_Rel1/bin/../lib/gcc/arm-none-eabi/13.2.1/thumb/v6-m/nofp\libg.a(libc_a-mprec.o)
                0x10008380                __b2d
 .text.__d2b    0x10008438       0xcc C:/Users/ethan/.pico-sdk/toolchain/13_2_Rel1/bin/../lib/gcc/arm-none-eabi/13.2.1/thumb/v6-m/nofp\libg.a(libc_a-mprec.o)
                0x10008438                __d2b
 .text.__ratio  0x10008504       0x68 C:/Users/ethan/.pico-sdk/toolchain/13_2_Rel1/bin/../lib/gcc/arm-none-eabi/13.2.1/thumb/v6-m/nofp\libg.a(libc_a-mprec.o)
                0x10008504                __ratio
 .text.__copybits
                0x1000856c       0x40 C:/Users/ethan/.pico-sdk/toolchain/13_2_Rel1/bin/../lib/gcc/arm-none-eabi/13.2.1/thumb/v6-m/nofp\libg.a(libc_a-mprec.o)
                0x1000856c                __copybits
 .text.__any_on
                0x100085ac       0x4c C:/Users/ethan/.pico-sdk/toolchain/13_2_Rel1/bin/../lib/gcc/arm-none-eabi/13.2.1/thumb/v6-m/nofp\libg.a(libc_a-mprec.o)
                0x100085ac                __any_on
 .text.__ascii_wctomb
                0x100085f8       0x1c C:/Users/ethan/.pico-sdk/toolchain/13_2_Rel1/bin/../lib/gcc/arm-none-eabi/13.2.1/thumb/v6-m/nofp\libg.a(libc_a-wctomb_r.o)
                0x100085f8                __ascii_wctomb
 *(.fini)
 .fini          0x10008614        0x4 C:/Users/ethan/.pico-sdk/toolchain/13_2_Rel1/bin/../lib/gcc/arm-none-eabi/13.2.1/thumb/v6-m/nofp/crti.o
                0x10008614                _fini
 .fini.__stub   0x10008618       0x50 linker stubs
 *crtbegin.o(.ctors)
 *crtbegin?.o(.ctors)
 *(EXCLUDE_FILE(*crtend.o *crtend?.o) .ctors)
 *(SORT_BY_NAME(.ctors.*))
 *(.ctors)
 *crtbegin.o(.dtors)
 *crtbegin?.o(.dtors)
 *(EXCLUDE_FILE(*crtend.o *crtend?.o) .dtors)
 *(SORT_BY_NAME(.dtors.*))
 *(.dtors)
                0x10008668                        . = ALIGN (0x4)
                0x10008668                        PROVIDE (__preinit_array_start = .)
 *(SORT_BY_NAME(.preinit_array.*))
 .preinit_array.00100
                0x10008668        0x4 CMakeFiles/phase_ctrl.dir/C_/Users/ethan/.pico-sdk/sdk/2.0.0/src/rp2_common/pico_runtime_init/runtime_init.c.obj
                0x10008668                __pre_init_runtime_init_early_resets
 .preinit_array.00101
                0x1000866c        0x4 CMakeFiles/phase_ctrl.dir/C_/Users/ethan/.pico-sdk/sdk/2.0.0/src/rp2_common/pico_runtime_init/runtime_init.c.obj
                0x1000866c                __pre_init_runtime_init_usb_power_down
 .preinit_array.00275
                0x10008670        0x4 CMakeFiles/phase_ctrl.dir/C_/Users/ethan/.pico-sdk/sdk/2.0.0/src/rp2_common/pico_bit_ops/bit_ops_aeabi.S.obj
 .preinit_array.00300
                0x10008674        0x4 CMakeFiles/phase_ctrl.dir/C_/Users/ethan/.pico-sdk/sdk/2.0.0/src/rp2_common/pico_mem_ops/mem_ops_aeabi.S.obj
 .preinit_array.00350
                0x10008678        0x4 CMakeFiles/phase_ctrl.dir/C_/Users/ethan/.pico-sdk/sdk/2.0.0/src/rp2_common/pico_double/double_aeabi_rp2040.S.obj
 .preinit_array.00350
                0x1000867c        0x4 CMakeFiles/phase_ctrl.dir/C_/Users/ethan/.pico-sdk/sdk/2.0.0/src/rp2_common/pico_float/float_aeabi_rp2040.S.obj
 .preinit_array.00500
                0x10008680        0x4 CMakeFiles/phase_ctrl.dir/C_/Users/ethan/.pico-sdk/sdk/2.0.0/src/rp2_common/pico_runtime_init/runtime_init.c.obj
                0x10008680                __pre_init_runtime_init_clocks
 .preinit_array.00600
                0x10008684        0x4 CMakeFiles/phase_ctrl.dir/C_/Users/ethan/.pico-sdk/sdk/2.0.0/src/rp2_common/pico_runtime_init/runtime_init.c.obj
                0x10008684                __pre_init_runtime_init_post_clock_resets
 .preinit_array.00700
                0x10008688        0x4 CMakeFiles/phase_ctrl.dir/C_/Users/ethan/.pico-sdk/sdk/2.0.0/src/rp2_common/pico_runtime_init/runtime_init.c.obj
                0x10008688                __pre_init_runtime_init_rp2040_gpio_ie_disable
 .preinit_array.01000
                0x1000868c        0x4 CMakeFiles/phase_ctrl.dir/C_/Users/ethan/.pico-sdk/sdk/2.0.0/src/rp2_common/pico_runtime_init/runtime_init.c.obj
                0x1000868c                __pre_init_runtime_init_spin_locks_reset
 .preinit_array.01100
                0x10008690        0x4 CMakeFiles/phase_ctrl.dir/C_/Users/ethan/.pico-sdk/sdk/2.0.0/src/common/pico_sync/mutex.c.obj
                0x10008690                __pre_init_runtime_init_mutex
 .preinit_array.10080
                0x10008694        0x4 CMakeFiles/phase_ctrl.dir/C_/Users/ethan/.pico-sdk/sdk/2.0.0/src/rp2_common/pico_runtime_init/runtime_init.c.obj
                0x10008694                __pre_init_runtime_init_install_ram_vector_table
 .preinit_array.11000
                0x10008698        0x4 CMakeFiles/phase_ctrl.dir/C_/Users/ethan/.pico-sdk/sdk/2.0.0/src/common/pico_time/time.c.obj
                0x10008698                __pre_init_runtime_init_default_alarm_pool
 .preinit_array.YYYYY
                0x1000869c        0x4 CMakeFiles/phase_ctrl.dir/C_/Users/ethan/.pico-sdk/sdk/2.0.0/src/rp2_common/pico_runtime/runtime.c.obj
                0x1000869c                __pre_init_first_per_core_initializer
 .preinit_array.ZZZZZ.01200
                0x100086a0        0x4 CMakeFiles/phase_ctrl.dir/C_/Users/ethan/.pico-sdk/sdk/2.0.0/src/rp2_common/hardware_irq/irq.c.obj
                0x100086a0                __pre_init_runtime_init_per_core_irq_priorities
 *(.preinit_array)
                0x100086a4                        PROVIDE (__preinit_array_end = .)
                0x100086a4                        . = ALIGN (0x4)
                0x100086a4                        PROVIDE (__init_array_start = .)
 *(SORT_BY_NAME(.init_array.*))
 *(.init_array)
 .init_array    0x100086a4        0x4 C:/Users/ethan/.pico-sdk/toolchain/13_2_Rel1/bin/../lib/gcc/arm-none-eabi/13.2.1/thumb/v6-m/nofp/crtbegin.o
                0x100086a8                        PROVIDE (__init_array_end = .)
                0x100086a8                        . = ALIGN (0x4)
                [!provide]                        PROVIDE (__fini_array_start = .)
 *(SORT_BY_NAME(.fini_array.*))
 *(.fini_array)
                [!provide]                        PROVIDE (__fini_array_end = .)
 *(.eh_frame*)
 .eh_frame      0x100086a8        0x0 C:/Users/ethan/.pico-sdk/toolchain/13_2_Rel1/bin/../lib/gcc/arm-none-eabi/13.2.1/thumb/v6-m/nofp/crtbegin.o
                0x100086a8                        . = ALIGN (0x4)

.glue_7         0x100086a8        0x0
 .glue_7        0x100086a8        0x0 linker stubs

.glue_7t        0x100086a8        0x0
 .glue_7t       0x100086a8        0x0 linker stubs

.vfp11_veneer   0x100086a8        0x0
 .vfp11_veneer  0x100086a8        0x0 linker stubs

.v4_bx          0x100086a8        0x0
 .v4_bx         0x100086a8        0x0 linker stubs

.iplt           0x100086a8        0x0
 .iplt          0x100086a8        0x0 C:/Users/ethan/.pico-sdk/toolchain/13_2_Rel1/bin/../lib/gcc/arm-none-eabi/13.2.1/thumb/v6-m/nofp/crtbegin.o

.rodata         0x100086a8      0x918
 *(EXCLUDE_FILE(*libm.a: *libc.a:*lib_a-mem*.o *libgcc.a:) .rodata*)
 .rodata.main.str1.4
                0x100086a8      0x292 CMakeFiles/phase_ctrl.dir/phase_ctrl.c.obj
                                  0xf (size before relaxing)
 .rodata.zero_crossing_callback.str1.4
                0x1000893a       0x14 CMakeFiles/phase_ctrl.dir/triac_control.c.obj
 .rodata.send_temperature.str1.4
                0x1000893a       0x10 CMakeFiles/phase_ctrl.dir/uart_comm.c.obj
 .rodata.get_received_data.str1.4
                0x1000893a       0x35 CMakeFiles/phase_ctrl.dir/uart_comm.c.obj
 .rodata.panic.str1.4
                0x1000893a       0x12 CMakeFiles/phase_ctrl.dir/C_/Users/ethan/.pico-sdk/sdk/2.0.0/src/rp2_common/pico_platform_panic/panic.c.obj
 .rodata.timer_hardware_alarm_claim.str1.4
                0x1000893a       0x22 CMakeFiles/phase_ctrl.dir/C_/Users/ethan/.pico-sdk/sdk/2.0.0/src/rp2_common/hardware_timer/timer.c.obj
 .rodata.hard_assertion_failure.str1.4
                0x1000893a        0xc CMakeFiles/phase_ctrl.dir/C_/Users/ethan/.pico-sdk/sdk/2.0.0/src/rp2_common/pico_runtime/runtime.c.obj
 .rodata.str1.4
                0x1000893a       0x34 CMakeFiles/phase_ctrl.dir/C_/Users/ethan/.pico-sdk/sdk/2.0.0/src/rp2_common/pico_standard_binary_info/standard_binary_info.c.obj
 *fill*         0x1000893a        0x2 
 .rodata.__bi_84
                0x1000893c        0xc CMakeFiles/phase_ctrl.dir/C_/Users/ethan/.pico-sdk/sdk/2.0.0/src/rp2_common/pico_standard_binary_info/standard_binary_info.c.obj
 .rodata.__bi_60
                0x10008948        0xc CMakeFiles/phase_ctrl.dir/C_/Users/ethan/.pico-sdk/sdk/2.0.0/src/rp2_common/pico_standard_binary_info/standard_binary_info.c.obj
 .rodata.__bi_54
                0x10008954        0xc CMakeFiles/phase_ctrl.dir/C_/Users/ethan/.pico-sdk/sdk/2.0.0/src/rp2_common/pico_standard_binary_info/standard_binary_info.c.obj
 .rodata.__bi_48
                0x10008960        0xc CMakeFiles/phase_ctrl.dir/C_/Users/ethan/.pico-sdk/sdk/2.0.0/src/rp2_common/pico_standard_binary_info/standard_binary_info.c.obj
 .rodata.__bi_42
                0x1000896c        0xc CMakeFiles/phase_ctrl.dir/C_/Users/ethan/.pico-sdk/sdk/2.0.0/src/rp2_common/pico_standard_binary_info/standard_binary_info.c.obj
 .rodata.__bi_34
                0x10008978        0xc CMakeFiles/phase_ctrl.dir/C_/Users/ethan/.pico-sdk/sdk/2.0.0/src/rp2_common/pico_standard_binary_info/standard_binary_info.c.obj
 .rodata.__bi_26
                0x10008984        0xc CMakeFiles/phase_ctrl.dir/C_/Users/ethan/.pico-sdk/sdk/2.0.0/src/rp2_common/pico_standard_binary_info/standard_binary_info.c.obj
 .rodata._ftoa.str1.4
                0x10008990       0x15 CMakeFiles/phase_ctrl.dir/C_/Users/ethan/.pico-sdk/sdk/2.0.0/src/rp2_common/pico_printf/printf.c.obj
 .rodata._vsnprintf
                0x10008990      0x19c CMakeFiles/phase_ctrl.dir/C_/Users/ethan/.pico-sdk/sdk/2.0.0/src/rp2_common/pico_printf/printf.c.obj
 *fill*         0x10008b2c        0x4 
 .rodata.pow10.0
                0x10008b30       0x50 CMakeFiles/phase_ctrl.dir/C_/Users/ethan/.pico-sdk/sdk/2.0.0/src/rp2_common/pico_printf/printf.c.obj
 .rodata.__assert_func.str1.4
                0x10008b80       0x43 CMakeFiles/phase_ctrl.dir/C_/Users/ethan/.pico-sdk/sdk/2.0.0/src/rp2_common/pico_clib_interface/newlib_interface.c.obj
 .rodata.crlf_str.0
                0x10008b80        0x2 CMakeFiles/phase_ctrl.dir/C_/Users/ethan/.pico-sdk/sdk/2.0.0/src/rp2_common/pico_stdio/stdio.c.obj
 .rodata.str1.4
                0x10008b82       0x2c CMakeFiles/phase_ctrl.dir/C_/Users/ethan/.pico-sdk/sdk/2.0.0/src/rp2_common/pico_stdio_uart/stdio_uart.c.obj
 *fill*         0x10008b82        0x2 
 .rodata.__bi_45.4
                0x10008b84        0xc CMakeFiles/phase_ctrl.dir/C_/Users/ethan/.pico-sdk/sdk/2.0.0/src/rp2_common/pico_stdio_uart/stdio_uart.c.obj
 .rodata.__bi_49.5
                0x10008b90        0x8 CMakeFiles/phase_ctrl.dir/C_/Users/ethan/.pico-sdk/sdk/2.0.0/src/rp2_common/pico_stdio_uart/stdio_uart.c.obj
 .rodata.__bi_50.6
                0x10008b98        0x8 CMakeFiles/phase_ctrl.dir/C_/Users/ethan/.pico-sdk/sdk/2.0.0/src/rp2_common/pico_stdio_uart/stdio_uart.c.obj
 .rodata._strtod_l.str1.4
                0x10008ba0       0x15 C:/Users/ethan/.pico-sdk/toolchain/13_2_Rel1/bin/../lib/gcc/arm-none-eabi/13.2.1/thumb/v6-m/nofp\libg.a(libc_a-strtod.o)
 .rodata._strtod_l
                0x10008ba0       0xd0 C:/Users/ethan/.pico-sdk/toolchain/13_2_Rel1/bin/../lib/gcc/arm-none-eabi/13.2.1/thumb/v6-m/nofp\libg.a(libc_a-strtod.o)
 .rodata.fpinan.0
                0x10008c70       0x14 C:/Users/ethan/.pico-sdk/toolchain/13_2_Rel1/bin/../lib/gcc/arm-none-eabi/13.2.1/thumb/v6-m/nofp\libg.a(libc_a-strtod.o)
 .rodata.fpi.1  0x10008c84       0x14 C:/Users/ethan/.pico-sdk/toolchain/13_2_Rel1/bin/../lib/gcc/arm-none-eabi/13.2.1/thumb/v6-m/nofp\libg.a(libc_a-strtod.o)
 .rodata.tinytens
                0x10008c98       0x28 C:/Users/ethan/.pico-sdk/toolchain/13_2_Rel1/bin/../lib/gcc/arm-none-eabi/13.2.1/thumb/v6-m/nofp\libg.a(libc_a-strtod.o)
 .rodata._ctype_
                0x10008cc0      0x101 C:/Users/ethan/.pico-sdk/toolchain/13_2_Rel1/bin/../lib/gcc/arm-none-eabi/13.2.1/thumb/v6-m/nofp\libg.a(libc_a-ctype_.o)
                0x10008cc0                _ctype_
 .rodata.str1.4
                0x10008dc1       0x4c C:/Users/ethan/.pico-sdk/toolchain/13_2_Rel1/bin/../lib/gcc/arm-none-eabi/13.2.1/thumb/v6-m/nofp\libg.a(libc_a-locale.o)
 .rodata.__gethex.str1.4
                0x10008dc1       0x79 C:/Users/ethan/.pico-sdk/toolchain/13_2_Rel1/bin/../lib/gcc/arm-none-eabi/13.2.1/thumb/v6-m/nofp\libg.a(libc_a-gdtoa-gethex.o)
 *fill*         0x10008dc1        0x3 
 .rodata.__hexdig
                0x10008dc4      0x100 C:/Users/ethan/.pico-sdk/toolchain/13_2_Rel1/bin/../lib/gcc/arm-none-eabi/13.2.1/thumb/v6-m/nofp\libg.a(libc_a-gdtoa-gethex.o)
                0x10008dc4                __hexdig
 .rodata.__multadd.str1.4
                0x10008ec4       0x6e C:/Users/ethan/.pico-sdk/toolchain/13_2_Rel1/bin/../lib/gcc/arm-none-eabi/13.2.1/thumb/v6-m/nofp\libg.a(libc_a-mprec.o)
 .rodata.p05.0  0x10008ec4        0xc C:/Users/ethan/.pico-sdk/toolchain/13_2_Rel1/bin/../lib/gcc/arm-none-eabi/13.2.1/thumb/v6-m/nofp\libg.a(libc_a-mprec.o)
 .rodata.__mprec_bigtens
                0x10008ed0       0x28 C:/Users/ethan/.pico-sdk/toolchain/13_2_Rel1/bin/../lib/gcc/arm-none-eabi/13.2.1/thumb/v6-m/nofp\libg.a(libc_a-mprec.o)
                0x10008ed0                __mprec_bigtens
 .rodata.__mprec_tens
                0x10008ef8       0xc8 C:/Users/ethan/.pico-sdk/toolchain/13_2_Rel1/bin/../lib/gcc/arm-none-eabi/13.2.1/thumb/v6-m/nofp\libg.a(libc_a-mprec.o)
                0x10008ef8                __mprec_tens
                0x10008fc0                        . = ALIGN (0x4)
 *(SORT_BY_ALIGNMENT(SORT_BY_NAME(.flashdata*)))
                0x10008fc0                        . = ALIGN (0x4)

.ARM.extab
 *(.ARM.extab* .gnu.linkonce.armextab.*)
                0x10008fc0                        __exidx_start = .

.ARM.exidx
 *(.ARM.exidx* .gnu.linkonce.armexidx.*)
                0x10008fc0                        __exidx_end = .
                0x10008fc0                        . = ALIGN (0x4)
                0x10008fc0                        __binary_info_start = .

.binary_info    0x10008fc0       0x28
 *(.binary_info.keep.*)
 .binary_info.keep.__bi_ptr84
                0x10008fc0        0x4 CMakeFiles/phase_ctrl.dir/C_/Users/ethan/.pico-sdk/sdk/2.0.0/src/rp2_common/pico_standard_binary_info/standard_binary_info.c.obj
 .binary_info.keep.__bi_ptr60
                0x10008fc4        0x4 CMakeFiles/phase_ctrl.dir/C_/Users/ethan/.pico-sdk/sdk/2.0.0/src/rp2_common/pico_standard_binary_info/standard_binary_info.c.obj
 .binary_info.keep.__bi_ptr54
                0x10008fc8        0x4 CMakeFiles/phase_ctrl.dir/C_/Users/ethan/.pico-sdk/sdk/2.0.0/src/rp2_common/pico_standard_binary_info/standard_binary_info.c.obj
 .binary_info.keep.__bi_ptr48
                0x10008fcc        0x4 CMakeFiles/phase_ctrl.dir/C_/Users/ethan/.pico-sdk/sdk/2.0.0/src/rp2_common/pico_standard_binary_info/standard_binary_info.c.obj
 .binary_info.keep.__bi_ptr42
                0x10008fd0        0x4 CMakeFiles/phase_ctrl.dir/C_/Users/ethan/.pico-sdk/sdk/2.0.0/src/rp2_common/pico_standard_binary_info/standard_binary_info.c.obj
 .binary_info.keep.__bi_ptr34
                0x10008fd4        0x4 CMakeFiles/phase_ctrl.dir/C_/Users/ethan/.pico-sdk/sdk/2.0.0/src/rp2_common/pico_standard_binary_info/standard_binary_info.c.obj
 .binary_info.keep.__bi_ptr26
                0x10008fd8        0x4 CMakeFiles/phase_ctrl.dir/C_/Users/ethan/.pico-sdk/sdk/2.0.0/src/rp2_common/pico_standard_binary_info/standard_binary_info.c.obj
 *(.binary_info.*)
 .binary_info.__bi_ptr50
                0x10008fdc        0x4 CMakeFiles/phase_ctrl.dir/C_/Users/ethan/.pico-sdk/sdk/2.0.0/src/rp2_common/pico_stdio_uart/stdio_uart.c.obj
 .binary_info.__bi_ptr49
                0x10008fe0        0x4 CMakeFiles/phase_ctrl.dir/C_/Users/ethan/.pico-sdk/sdk/2.0.0/src/rp2_common/pico_stdio_uart/stdio_uart.c.obj
 .binary_info.__bi_ptr45
                0x10008fe4        0x4 CMakeFiles/phase_ctrl.dir/C_/Users/ethan/.pico-sdk/sdk/2.0.0/src/rp2_common/pico_stdio_uart/stdio_uart.c.obj
                0x10008fe8                        __binary_info_end = .

.rel.dyn        0x10008fe8        0x0
 .rel.iplt      0x10008fe8        0x0 C:/Users/ethan/.pico-sdk/toolchain/13_2_Rel1/bin/../lib/gcc/arm-none-eabi/13.2.1/thumb/v6-m/nofp/crtbegin.o
                0x10008fe8                        . = ALIGN (0x4)

.ram_vector_table
                0x20000000       0xc0
 *(.ram_vector_table)
 .ram_vector_table
                0x20000000       0xc0 CMakeFiles/phase_ctrl.dir/C_/Users/ethan/.pico-sdk/sdk/2.0.0/src/rp2_common/pico_runtime_init/runtime_init.c.obj
                0x20000000                ram_vector_table

.uninitialized_data
                0x200000c0        0x0
                0x200000c0                        . = ALIGN (0x4)
 *(.uninitialized_data*)

.data           0x200000c0      0x8d8 load address 0x10008fe8
                0x200000c0                        __data_start__ = .
 *(vtable)
 *(.time_critical*)
 .time_critical.mutex_try_enter_block_until
                0x200000c0       0x9c CMakeFiles/phase_ctrl.dir/C_/Users/ethan/.pico-sdk/sdk/2.0.0/src/common/pico_sync/mutex.c.obj
                0x200000c0                mutex_try_enter_block_until
 .time_critical.mutex_exit
                0x2000015c       0x28 CMakeFiles/phase_ctrl.dir/C_/Users/ethan/.pico-sdk/sdk/2.0.0/src/common/pico_sync/mutex.c.obj
                0x2000015c                mutex_exit
 .time_critical.spi_read_blocking
                0x20000184       0x70 CMakeFiles/phase_ctrl.dir/C_/Users/ethan/.pico-sdk/sdk/2.0.0/src/rp2_common/hardware_spi/spi.c.obj
                0x20000184                spi_read_blocking
 *(.text*)
 .text          0x200001f4        0x4 C:/Users/ethan/.pico-sdk/toolchain/13_2_Rel1/bin/../lib/gcc/arm-none-eabi/13.2.1/thumb/v6-m/nofp\libgcc.a(_dvmd_tls.o)
                0x200001f4                __aeabi_idiv0
                0x200001f4                __aeabi_ldiv0
 .text.__stub   0x200001f8       0x10 linker stubs
                0x20000208                        . = ALIGN (0x4)
 *(.rodata*)
                0x20000208                        . = ALIGN (0x4)
 *(.data*)
 .data.inputs   0x20000208        0x4 CMakeFiles/phase_ctrl.dir/phase_ctrl.c.obj
                0x20000208                inputs
 .data.outputs  0x2000020c        0x4 CMakeFiles/phase_ctrl.dir/phase_ctrl.c.obj
                0x2000020c                outputs
 .data.zero_cross_delay
                0x20000210        0x4 CMakeFiles/phase_ctrl.dir/triac_control.c.obj
                0x20000210                zero_cross_delay
 .data.pulse_length
                0x20000214        0x4 CMakeFiles/phase_ctrl.dir/triac_control.c.obj
                0x20000214                pulse_length
 .data.pid_terms
                0x20000218       0x28 CMakeFiles/phase_ctrl.dir/pid_control.c.obj
                0x20000218                pid_terms
 .data.drive    0x20000240        0xc CMakeFiles/phase_ctrl.dir/pid_control.c.obj
                0x20000240                drive
 .data.faultMask
                0x2000024c        0x1 CMakeFiles/phase_ctrl.dir/MAX31855.c.obj
 .data.striped_spin_lock_num
                0x2000024d        0x1 CMakeFiles/phase_ctrl.dir/C_/Users/ethan/.pico-sdk/sdk/2.0.0/src/rp2_common/hardware_sync/sync.c.obj
 *fill*         0x2000024e        0x2 
 .data          0x20000250       0x48 CMakeFiles/phase_ctrl.dir/C_/Users/ethan/.pico-sdk/sdk/2.0.0/src/rp2_common/hardware_irq/irq_handler_chain.S.obj
                0x20000250                irq_handler_chain_slots
                0x20000280                irq_handler_chain_first_slot
                0x2000028a                irq_handler_chain_remove_tail
 .data.default_alarm_pool
                0x20000298       0x18 CMakeFiles/phase_ctrl.dir/C_/Users/ethan/.pico-sdk/sdk/2.0.0/src/common/pico_time/time.c.obj
 .data.aeabi_bits_funcs
                0x200002b0       0x10 CMakeFiles/phase_ctrl.dir/C_/Users/ethan/.pico-sdk/sdk/2.0.0/src/rp2_common/pico_bit_ops/bit_ops_aeabi.S.obj
                0x200002b0                aeabi_bits_funcs
                0x200002c0                aeabi_bits_funcs_end
 .data.aeabi_mem_funcs
                0x200002c0       0x10 CMakeFiles/phase_ctrl.dir/C_/Users/ethan/.pico-sdk/sdk/2.0.0/src/rp2_common/pico_mem_ops/mem_ops_aeabi.S.obj
                0x200002c0                aeabi_mem_funcs
                0x200002d0                aeabi_mem_funcs_end
 .data.stdio_uart
                0x200002d0       0x18 CMakeFiles/phase_ctrl.dir/C_/Users/ethan/.pico-sdk/sdk/2.0.0/src/rp2_common/pico_stdio_uart/stdio_uart.c.obj
                0x200002d0                stdio_uart
 .data.__malloc_sbrk_base
                0x200002e8        0x4 C:/Users/ethan/.pico-sdk/toolchain/13_2_Rel1/bin/../lib/gcc/arm-none-eabi/13.2.1/thumb/v6-m/nofp\libg.a(libc_a-mallocr.o)
                0x200002e8                __malloc_sbrk_base
 .data.__malloc_trim_threshold
                0x200002ec        0x4 C:/Users/ethan/.pico-sdk/toolchain/13_2_Rel1/bin/../lib/gcc/arm-none-eabi/13.2.1/thumb/v6-m/nofp\libg.a(libc_a-mallocr.o)
                0x200002ec                __malloc_trim_threshold
 .data.__malloc_av_
                0x200002f0      0x408 C:/Users/ethan/.pico-sdk/toolchain/13_2_Rel1/bin/../lib/gcc/arm-none-eabi/13.2.1/thumb/v6-m/nofp\libg.a(libc_a-mallocr.o)
                0x200002f0                __malloc_av_
 .data.__global_locale
                0x200006f8      0x16c C:/Users/ethan/.pico-sdk/toolchain/13_2_Rel1/bin/../lib/gcc/arm-none-eabi/13.2.1/thumb/v6-m/nofp\libg.a(libc_a-locale.o)
                0x200006f8                __global_locale
 .data._impure_ptr
                0x20000864        0x4 C:/Users/ethan/.pico-sdk/toolchain/13_2_Rel1/bin/../lib/gcc/arm-none-eabi/13.2.1/thumb/v6-m/nofp\libg.a(libc_a-impure.o)
                0x20000864                _impure_ptr
 .data._impure_data
                0x20000868      0x120 C:/Users/ethan/.pico-sdk/toolchain/13_2_Rel1/bin/../lib/gcc/arm-none-eabi/13.2.1/thumb/v6-m/nofp\libg.a(libc_a-impure.o)
                0x20000868                _impure_data
                0x20000988                        . = ALIGN (0x4)
 *(.after_data.*)
                0x20000988                        . = ALIGN (0x4)
                0x20000988                        PROVIDE (__mutex_array_start = .)
 *(SORT_BY_NAME(.mutex_array.*))
 *(.mutex_array)
 .mutex_array   0x20000988        0x8 CMakeFiles/phase_ctrl.dir/C_/Users/ethan/.pico-sdk/sdk/2.0.0/src/rp2_common/pico_malloc/malloc.c.obj
 .mutex_array   0x20000990        0x8 CMakeFiles/phase_ctrl.dir/C_/Users/ethan/.pico-sdk/sdk/2.0.0/src/rp2_common/pico_stdio/stdio.c.obj
                0x20000998                        PROVIDE (__mutex_array_end = .)
                0x20000998                        . = ALIGN (0x4)
 *(.jcr)
                0x20000998                        . = ALIGN (0x4)

.tm_clone_table
                0x20000998        0x0 load address 0x100098c0
 .tm_clone_table
                0x20000998        0x0 C:/Users/ethan/.pico-sdk/toolchain/13_2_Rel1/bin/../lib/gcc/arm-none-eabi/13.2.1/thumb/v6-m/nofp/crtbegin.o
 .tm_clone_table
                0x20000998        0x0 C:/Users/ethan/.pico-sdk/toolchain/13_2_Rel1/bin/../lib/gcc/arm-none-eabi/13.2.1/thumb/v6-m/nofp/crtend.o

.igot.plt       0x20000998        0x0 load address 0x100098c0
 .igot.plt      0x20000998        0x0 C:/Users/ethan/.pico-sdk/toolchain/13_2_Rel1/bin/../lib/gcc/arm-none-eabi/13.2.1/thumb/v6-m/nofp/crtbegin.o

.tdata          0x20000998        0x0 load address 0x100098c0
                0x20000998                        . = ALIGN (0x4)
 *(.tdata .tdata.* .gnu.linkonce.td.*)
                0x20000998                        __tdata_end = .
                0x20000998                        PROVIDE (__data_end__ = .)
                0x10008fe8                        __etext = LOADADDR (.data)

.tbss           0x20000998        0x0 load address 0x100098c0
                0x20000998                        . = ALIGN (0x4)
                0x20000998                        __bss_start__ = .
                0x20000998                        __tls_base = .
 *(.tbss .tbss.* .gnu.linkonce.tb.*)
 *(.tcommon)
                0x20000998                        __tls_end = .

.bss            0x20000998      0x5e0 load address 0x100098c0
                0x20000998                        . = ALIGN (0x4)
                0x20000998                        __tbss_end = .
 *(SORT_BY_ALIGNMENT(SORT_BY_NAME(.bss*)))
 .bss.default_alarm_pool_entries
                0x20000998      0x180 CMakeFiles/phase_ctrl.dir/C_/Users/ethan/.pico-sdk/sdk/2.0.0/src/common/pico_time/time.c.obj
 .bss.sd_table  0x20000b18      0x100 CMakeFiles/phase_ctrl.dir/C_/Users/ethan/.pico-sdk/sdk/2.0.0/src/rp2_common/pico_double/double_init_rom_rp2040.c.obj
                0x20000b18                sd_table
 .bss.sf_table  0x20000c18      0x100 CMakeFiles/phase_ctrl.dir/C_/Users/ethan/.pico-sdk/sdk/2.0.0/src/rp2_common/pico_float/float_init_rom_rp2040.c.obj
                0x20000c18                sf_table
 .bss.__lock___malloc_recursive_mutex
                0x20000d18        0x1 C:/Users/ethan/.pico-sdk/toolchain/13_2_Rel1/bin/../lib/gcc/arm-none-eabi/13.2.1/thumb/v6-m/nofp\libg.a(libc_a-lock.o)
                0x20000d18                __lock___malloc_recursive_mutex
 *fill*         0x20000d19        0x3 
 .bss.__malloc_current_mallinfo
                0x20000d1c       0x28 C:/Users/ethan/.pico-sdk/toolchain/13_2_Rel1/bin/../lib/gcc/arm-none-eabi/13.2.1/thumb/v6-m/nofp\libg.a(libc_a-mallocr.o)
                0x20000d1c                __malloc_current_mallinfo
 .bss.__malloc_max_sbrked_mem
                0x20000d44        0x4 C:/Users/ethan/.pico-sdk/toolchain/13_2_Rel1/bin/../lib/gcc/arm-none-eabi/13.2.1/thumb/v6-m/nofp\libg.a(libc_a-mallocr.o)
                0x20000d44                __malloc_max_sbrked_mem
 .bss.__malloc_max_total_mem
                0x20000d48        0x4 C:/Users/ethan/.pico-sdk/toolchain/13_2_Rel1/bin/../lib/gcc/arm-none-eabi/13.2.1/thumb/v6-m/nofp\libg.a(libc_a-mallocr.o)
                0x20000d48                __malloc_max_total_mem
 .bss.__malloc_top_pad
                0x20000d4c        0x4 C:/Users/ethan/.pico-sdk/toolchain/13_2_Rel1/bin/../lib/gcc/arm-none-eabi/13.2.1/thumb/v6-m/nofp\libg.a(libc_a-mallocr.o)
                0x20000d4c                __malloc_top_pad
 .bss.__sf      0x20000d50      0x138 C:/Users/ethan/.pico-sdk/toolchain/13_2_Rel1/bin/../lib/gcc/arm-none-eabi/13.2.1/thumb/v6-m/nofp\libg.a(libc_a-findfp.o)
                0x20000d50                __sf
 .bss.callbacks
                0x20000e88        0x8 CMakeFiles/phase_ctrl.dir/C_/Users/ethan/.pico-sdk/sdk/2.0.0/src/rp2_common/hardware_gpio/gpio.c.obj
 .bss.chars_available_callback
                0x20000e90        0x4 CMakeFiles/phase_ctrl.dir/C_/Users/ethan/.pico-sdk/sdk/2.0.0/src/rp2_common/pico_stdio_uart/stdio_uart.c.obj
 .bss.chars_available_param
                0x20000e94        0x4 CMakeFiles/phase_ctrl.dir/C_/Users/ethan/.pico-sdk/sdk/2.0.0/src/rp2_common/pico_stdio_uart/stdio_uart.c.obj
 .bss.claimed   0x20000e98        0x1 CMakeFiles/phase_ctrl.dir/C_/Users/ethan/.pico-sdk/sdk/2.0.0/src/rp2_common/hardware_timer/timer.c.obj
 *fill*         0x20000e99        0x3 
 .bss.configured_freq
                0x20000e9c       0x28 CMakeFiles/phase_ctrl.dir/C_/Users/ethan/.pico-sdk/sdk/2.0.0/src/rp2_common/hardware_clocks/clocks.c.obj
 .bss.debug_level
                0x20000ec4        0x4 CMakeFiles/phase_ctrl.dir/phase_ctrl.c.obj
                0x20000ec4                debug_level
 .bss.drivers   0x20000ec8        0x4 CMakeFiles/phase_ctrl.dir/C_/Users/ethan/.pico-sdk/sdk/2.0.0/src/rp2_common/pico_stdio/stdio.c.obj
 .bss.errno     0x20000ecc        0x4 C:/Users/ethan/.pico-sdk/toolchain/13_2_Rel1/bin/../lib/gcc/arm-none-eabi/13.2.1/thumb/v6-m/nofp\libg.a(libc_a-reent.o)
                0x20000ecc                errno
 .bss.filter    0x20000ed0        0x4 CMakeFiles/phase_ctrl.dir/C_/Users/ethan/.pico-sdk/sdk/2.0.0/src/rp2_common/pico_stdio/stdio.c.obj
 .bss.gains     0x20000ed4        0xc CMakeFiles/phase_ctrl.dir/pid_control.c.obj
                0x20000ed4                gains
 .bss.heap_end.0
                0x20000ee0        0x4 CMakeFiles/phase_ctrl.dir/C_/Users/ethan/.pico-sdk/sdk/2.0.0/src/rp2_common/pico_clib_interface/newlib_interface.c.obj
 .bss.hysterisis
                0x20000ee4        0x4 CMakeFiles/phase_ctrl.dir/phase_ctrl.c.obj
                0x20000ee4                hysterisis
 .bss.lazy_vsnprintf
                0x20000ee8        0x4 CMakeFiles/phase_ctrl.dir/C_/Users/ethan/.pico-sdk/sdk/2.0.0/src/rp2_common/pico_printf/printf.c.obj
 .bss.object.0  0x20000eec       0x18 C:/Users/ethan/.pico-sdk/toolchain/13_2_Rel1/bin/../lib/gcc/arm-none-eabi/13.2.1/thumb/v6-m/nofp/crtbegin.o
 .bss.phase_delay
                0x20000f04        0x4 CMakeFiles/phase_ctrl.dir/phase_ctrl.c.obj
                0x20000f04                phase_delay
 .bss.pools     0x20000f08       0x10 CMakeFiles/phase_ctrl.dir/C_/Users/ethan/.pico-sdk/sdk/2.0.0/src/common/pico_time/time.c.obj
 .bss.raw_irq_mask
                0x20000f18        0x8 CMakeFiles/phase_ctrl.dir/C_/Users/ethan/.pico-sdk/sdk/2.0.0/src/rp2_common/hardware_gpio/gpio.c.obj
 .bss.rx_buffer
                0x20000f20       0x40 CMakeFiles/phase_ctrl.dir/uart_comm.c.obj
                0x20000f20                rx_buffer
 .bss.rx_index  0x20000f60        0x4 CMakeFiles/phase_ctrl.dir/uart_comm.c.obj
                0x20000f60                rx_index
 .bss.sf_clz_func
                0x20000f64        0x4 CMakeFiles/phase_ctrl.dir/C_/Users/ethan/.pico-sdk/sdk/2.0.0/src/rp2_common/pico_double/double_init_rom_rp2040.c.obj
                0x20000f64                sf_clz_func
 .bss.sleep_notifier
                0x20000f68        0x4 CMakeFiles/phase_ctrl.dir/C_/Users/ethan/.pico-sdk/sdk/2.0.0/src/common/pico_time/time.c.obj
 .bss.uart_char_to_line_feed
                0x20000f6c        0x4 CMakeFiles/phase_ctrl.dir/C_/Users/ethan/.pico-sdk/sdk/2.0.0/src/rp2_common/hardware_uart/uart.c.obj
                0x20000f6c                uart_char_to_line_feed
 .bss.uart_instance
                0x20000f70        0x4 CMakeFiles/phase_ctrl.dir/C_/Users/ethan/.pico-sdk/sdk/2.0.0/src/rp2_common/pico_stdio_uart/stdio_uart.c.obj
 .bss.initialized
                0x20000f74        0x1 CMakeFiles/phase_ctrl.dir/MAX31855.c.obj
 .bss.irq_handler_chain_free_slot_head
                0x20000f75        0x1 CMakeFiles/phase_ctrl.dir/C_/Users/ethan/.pico-sdk/sdk/2.0.0/src/rp2_common/hardware_irq/irq.c.obj
 .bss.message_received
                0x20000f76        0x1 CMakeFiles/phase_ctrl.dir/uart_comm.c.obj
                0x20000f76                message_received
 *(COMMON)
                0x20000f78                        . = ALIGN (0x4)
 *fill*         0x20000f77        0x1 
                0x20000f78                        __bss_end__ = .

.heap           0x20000f78    0x3f088 load address 0x100098c0
                0x20000f78                        __end__ = .
                0x20000f78                        end = __end__
 *(.heap*)
 .heap          0x20000f78      0x800 CMakeFiles/phase_ctrl.dir/C_/Users/ethan/.pico-sdk/sdk/2.0.0/src/rp2_common/pico_crt0/crt0.S.obj
                0x20040000                        . = (ORIGIN (RAM) + LENGTH (RAM))
 *fill*         0x20001778    0x3e888 
                0x20040000                        __HeapLimit = .

.scratch_x      0x20040000        0x0 load address 0x100098c0
                0x20040000                        __scratch_x_start__ = .
 *(.scratch_x.*)
                0x20040000                        . = ALIGN (0x4)
                0x20040000                        __scratch_x_end__ = .
                0x100098c0                        __scratch_x_source__ = LOADADDR (.scratch_x)

.scratch_y      0x20041000        0x0 load address 0x100098c0
                0x20041000                        __scratch_y_start__ = .
 *(.scratch_y.*)
                0x20041000                        . = ALIGN (0x4)
                0x20041000                        __scratch_y_end__ = .
                0x100098c0                        __scratch_y_source__ = LOADADDR (.scratch_y)

.stack1_dummy   0x20040000      0x800
 *(.stack1*)
 .stack1        0x20040000      0x800 CMakeFiles/phase_ctrl.dir/C_/Users/ethan/.pico-sdk/sdk/2.0.0/src/rp2_common/pico_multicore/multicore.c.obj

.stack_dummy    0x20041000      0x800
 *(.stack*)
 .stack         0x20041000      0x800 CMakeFiles/phase_ctrl.dir/C_/Users/ethan/.pico-sdk/sdk/2.0.0/src/rp2_common/pico_crt0/crt0.S.obj

.flash_end      0x100098c0        0x0
 *(.embedded_end_block*)
                0x100098c0                        PROVIDE (__flash_binary_end = .)
                0x20040000                        __StackLimit = (ORIGIN (RAM) + LENGTH (RAM))
                0x20041000                        __StackOneTop = (ORIGIN (SCRATCH_X) + LENGTH (SCRATCH_X))
                0x20042000                        __StackTop = (ORIGIN (SCRATCH_Y) + LENGTH (SCRATCH_Y))
                0x20040800                        __StackOneBottom = (__StackOneTop - SIZEOF (.stack1_dummy))
                0x20041800                        __StackBottom = (__StackTop - SIZEOF (.stack_dummy))
                0x20042000                        PROVIDE (__stack = __StackTop)
                [!provide]                        PROVIDE (__heap_start = __end__)
                [!provide]                        PROVIDE (__heap_end = __HeapLimit)
                [!provide]                        PROVIDE (__tls_align = MAX (ALIGNOF (.tdata), ALIGNOF (.tbss)))
                [!provide]                        PROVIDE (__tls_size_align = (((__tls_size + __tls_align) - 0x1) & ~ ((__tls_align - 0x1))))
                [!provide]                        PROVIDE (__arm32_tls_tcb_offset = MAX (0x8, __tls_align))
                [!provide]                        PROVIDE (_end = __end__)
                [!provide]                        PROVIDE (__llvm_libc_heap_limit = __HeapLimit)
                0x00000001                        ASSERT ((__StackLimit >= __HeapLimit), region RAM overflowed)
                0x00000001                        ASSERT (((__binary_info_header_end - __logical_binary_start) <= 0x100), Binary info must be in first 256 bytes of the binary)
LOAD CMakeFiles/phase_ctrl.dir/phase_ctrl.c.obj
LOAD CMakeFiles/phase_ctrl.dir/triac_control.c.obj
LOAD CMakeFiles/phase_ctrl.dir/pid_control.c.obj
LOAD CMakeFiles/phase_ctrl.dir/MAX31855.c.obj
LOAD CMakeFiles/phase_ctrl.dir/uart_comm.c.obj
LOAD CMakeFiles/phase_ctrl.dir/C_/Users/ethan/.pico-sdk/sdk/2.0.0/src/rp2_common/pico_stdlib/stdlib.c.obj
LOAD CMakeFiles/phase_ctrl.dir/C_/Users/ethan/.pico-sdk/sdk/2.0.0/src/rp2_common/hardware_gpio/gpio.c.obj
LOAD CMakeFiles/phase_ctrl.dir/C_/Users/ethan/.pico-sdk/sdk/2.0.0/src/rp2040/pico_platform/platform.c.obj
LOAD CMakeFiles/phase_ctrl.dir/C_/Users/ethan/.pico-sdk/sdk/2.0.0/src/rp2_common/pico_platform_panic/panic.c.obj
LOAD CMakeFiles/phase_ctrl.dir/C_/Users/ethan/.pico-sdk/sdk/2.0.0/src/common/hardware_claim/claim.c.obj
LOAD CMakeFiles/phase_ctrl.dir/C_/Users/ethan/.pico-sdk/sdk/2.0.0/src/rp2_common/hardware_sync/sync.c.obj
LOAD CMakeFiles/phase_ctrl.dir/C_/Users/ethan/.pico-sdk/sdk/2.0.0/src/rp2_common/hardware_sync_spin_lock/sync_spin_lock.c.obj
LOAD CMakeFiles/phase_ctrl.dir/C_/Users/ethan/.pico-sdk/sdk/2.0.0/src/rp2_common/hardware_irq/irq.c.obj
LOAD CMakeFiles/phase_ctrl.dir/C_/Users/ethan/.pico-sdk/sdk/2.0.0/src/rp2_common/hardware_irq/irq_handler_chain.S.obj
LOAD CMakeFiles/phase_ctrl.dir/C_/Users/ethan/.pico-sdk/sdk/2.0.0/src/common/pico_sync/sem.c.obj
LOAD CMakeFiles/phase_ctrl.dir/C_/Users/ethan/.pico-sdk/sdk/2.0.0/src/common/pico_sync/lock_core.c.obj
LOAD CMakeFiles/phase_ctrl.dir/C_/Users/ethan/.pico-sdk/sdk/2.0.0/src/common/pico_sync/mutex.c.obj
LOAD CMakeFiles/phase_ctrl.dir/C_/Users/ethan/.pico-sdk/sdk/2.0.0/src/common/pico_sync/critical_section.c.obj
LOAD CMakeFiles/phase_ctrl.dir/C_/Users/ethan/.pico-sdk/sdk/2.0.0/src/common/pico_time/time.c.obj
LOAD CMakeFiles/phase_ctrl.dir/C_/Users/ethan/.pico-sdk/sdk/2.0.0/src/common/pico_time/timeout_helper.c.obj
LOAD CMakeFiles/phase_ctrl.dir/C_/Users/ethan/.pico-sdk/sdk/2.0.0/src/rp2_common/hardware_timer/timer.c.obj
LOAD CMakeFiles/phase_ctrl.dir/C_/Users/ethan/.pico-sdk/sdk/2.0.0/src/common/pico_util/datetime.c.obj
LOAD CMakeFiles/phase_ctrl.dir/C_/Users/ethan/.pico-sdk/sdk/2.0.0/src/common/pico_util/pheap.c.obj
LOAD CMakeFiles/phase_ctrl.dir/C_/Users/ethan/.pico-sdk/sdk/2.0.0/src/common/pico_util/queue.c.obj
LOAD CMakeFiles/phase_ctrl.dir/C_/Users/ethan/.pico-sdk/sdk/2.0.0/src/rp2_common/hardware_uart/uart.c.obj
LOAD CMakeFiles/phase_ctrl.dir/C_/Users/ethan/.pico-sdk/sdk/2.0.0/src/rp2_common/hardware_clocks/clocks.c.obj
LOAD CMakeFiles/phase_ctrl.dir/C_/Users/ethan/.pico-sdk/sdk/2.0.0/src/rp2_common/hardware_pll/pll.c.obj
LOAD CMakeFiles/phase_ctrl.dir/C_/Users/ethan/.pico-sdk/sdk/2.0.0/src/rp2_common/hardware_vreg/vreg.c.obj
LOAD CMakeFiles/phase_ctrl.dir/C_/Users/ethan/.pico-sdk/sdk/2.0.0/src/rp2_common/hardware_watchdog/watchdog.c.obj
LOAD CMakeFiles/phase_ctrl.dir/C_/Users/ethan/.pico-sdk/sdk/2.0.0/src/rp2_common/hardware_ticks/ticks.c.obj
LOAD CMakeFiles/phase_ctrl.dir/C_/Users/ethan/.pico-sdk/sdk/2.0.0/src/rp2_common/hardware_xosc/xosc.c.obj
LOAD CMakeFiles/phase_ctrl.dir/C_/Users/ethan/.pico-sdk/sdk/2.0.0/src/rp2_common/hardware_divider/divider.S.obj
LOAD CMakeFiles/phase_ctrl.dir/C_/Users/ethan/.pico-sdk/sdk/2.0.0/src/rp2_common/pico_runtime/runtime.c.obj
LOAD CMakeFiles/phase_ctrl.dir/C_/Users/ethan/.pico-sdk/sdk/2.0.0/src/rp2_common/pico_runtime_init/runtime_init.c.obj
LOAD CMakeFiles/phase_ctrl.dir/C_/Users/ethan/.pico-sdk/sdk/2.0.0/src/rp2_common/pico_runtime_init/runtime_init_clocks.c.obj
LOAD CMakeFiles/phase_ctrl.dir/C_/Users/ethan/.pico-sdk/sdk/2.0.0/src/rp2_common/pico_runtime_init/runtime_init_stack_guard.c.obj
LOAD CMakeFiles/phase_ctrl.dir/C_/Users/ethan/.pico-sdk/sdk/2.0.0/src/rp2_common/pico_bit_ops/bit_ops_aeabi.S.obj
LOAD CMakeFiles/phase_ctrl.dir/C_/Users/ethan/.pico-sdk/sdk/2.0.0/src/rp2_common/pico_bootrom/bootrom.c.obj
LOAD CMakeFiles/phase_ctrl.dir/C_/Users/ethan/.pico-sdk/sdk/2.0.0/src/rp2_common/pico_bootrom/bootrom_lock.c.obj
LOAD CMakeFiles/phase_ctrl.dir/C_/Users/ethan/.pico-sdk/sdk/2.0.0/src/rp2_common/hardware_boot_lock/boot_lock.c.obj
LOAD CMakeFiles/phase_ctrl.dir/C_/Users/ethan/.pico-sdk/sdk/2.0.0/src/rp2_common/pico_divider/divider_hardware.S.obj
LOAD CMakeFiles/phase_ctrl.dir/C_/Users/ethan/.pico-sdk/sdk/2.0.0/src/rp2_common/pico_double/double_aeabi_rp2040.S.obj
LOAD CMakeFiles/phase_ctrl.dir/C_/Users/ethan/.pico-sdk/sdk/2.0.0/src/rp2_common/pico_double/double_init_rom_rp2040.c.obj
LOAD CMakeFiles/phase_ctrl.dir/C_/Users/ethan/.pico-sdk/sdk/2.0.0/src/rp2_common/pico_double/double_math.c.obj
LOAD CMakeFiles/phase_ctrl.dir/C_/Users/ethan/.pico-sdk/sdk/2.0.0/src/rp2_common/pico_double/double_v1_rom_shim_rp2040.S.obj
LOAD CMakeFiles/phase_ctrl.dir/C_/Users/ethan/.pico-sdk/sdk/2.0.0/src/rp2_common/pico_int64_ops/pico_int64_ops_aeabi.S.obj
LOAD CMakeFiles/phase_ctrl.dir/C_/Users/ethan/.pico-sdk/sdk/2.0.0/src/rp2_common/pico_float/float_aeabi_rp2040.S.obj
LOAD CMakeFiles/phase_ctrl.dir/C_/Users/ethan/.pico-sdk/sdk/2.0.0/src/rp2_common/pico_float/float_init_rom_rp2040.c.obj
LOAD CMakeFiles/phase_ctrl.dir/C_/Users/ethan/.pico-sdk/sdk/2.0.0/src/rp2_common/pico_float/float_math.c.obj
LOAD CMakeFiles/phase_ctrl.dir/C_/Users/ethan/.pico-sdk/sdk/2.0.0/src/rp2_common/pico_float/float_v1_rom_shim_rp2040.S.obj
LOAD CMakeFiles/phase_ctrl.dir/C_/Users/ethan/.pico-sdk/sdk/2.0.0/src/rp2_common/pico_malloc/malloc.c.obj
LOAD CMakeFiles/phase_ctrl.dir/C_/Users/ethan/.pico-sdk/sdk/2.0.0/src/rp2_common/pico_mem_ops/mem_ops_aeabi.S.obj
LOAD CMakeFiles/phase_ctrl.dir/C_/Users/ethan/.pico-sdk/sdk/2.0.0/src/rp2_common/pico_atomic/atomic.c.obj
LOAD CMakeFiles/phase_ctrl.dir/C_/Users/ethan/.pico-sdk/sdk/2.0.0/src/rp2_common/pico_cxx_options/new_delete.cpp.obj
LOAD CMakeFiles/phase_ctrl.dir/C_/Users/ethan/.pico-sdk/sdk/2.0.0/src/rp2_common/pico_standard_binary_info/standard_binary_info.c.obj
LOAD CMakeFiles/phase_ctrl.dir/C_/Users/ethan/.pico-sdk/sdk/2.0.0/src/rp2_common/pico_printf/printf.c.obj
LOAD CMakeFiles/phase_ctrl.dir/C_/Users/ethan/.pico-sdk/sdk/2.0.0/src/rp2_common/pico_crt0/crt0.S.obj
LOAD CMakeFiles/phase_ctrl.dir/C_/Users/ethan/.pico-sdk/sdk/2.0.0/src/rp2_common/pico_clib_interface/newlib_interface.c.obj
LOAD CMakeFiles/phase_ctrl.dir/C_/Users/ethan/.pico-sdk/sdk/2.0.0/src/rp2_common/pico_stdio/stdio.c.obj
LOAD CMakeFiles/phase_ctrl.dir/C_/Users/ethan/.pico-sdk/sdk/2.0.0/src/rp2_common/pico_stdio_uart/stdio_uart.c.obj
LOAD CMakeFiles/phase_ctrl.dir/C_/Users/ethan/.pico-sdk/sdk/2.0.0/src/rp2_common/pico_multicore/multicore.c.obj
LOAD CMakeFiles/phase_ctrl.dir/C_/Users/ethan/.pico-sdk/sdk/2.0.0/src/rp2_common/hardware_adc/adc.c.obj
LOAD CMakeFiles/phase_ctrl.dir/C_/Users/ethan/.pico-sdk/sdk/2.0.0/src/rp2_common/hardware_spi/spi.c.obj
LOAD C:\Users\ethan\AppData\Local\Temp\ccm6q45G.o
LOAD C:/Users/ethan/.pico-sdk/toolchain/13_2_Rel1/bin/../lib/gcc/arm-none-eabi/13.2.1/thumb/v6-m/nofp\libstdc++.a
LOAD C:/Users/ethan/.pico-sdk/toolchain/13_2_Rel1/bin/../lib/gcc/arm-none-eabi/13.2.1/thumb/v6-m/nofp\libm.a
START GROUP
LOAD C:/Users/ethan/.pico-sdk/toolchain/13_2_Rel1/bin/../lib/gcc/arm-none-eabi/13.2.1/thumb/v6-m/nofp\libgcc.a
LOAD C:/Users/ethan/.pico-sdk/toolchain/13_2_Rel1/bin/../lib/gcc/arm-none-eabi/13.2.1/thumb/v6-m/nofp\libg.a
LOAD C:/Users/ethan/.pico-sdk/toolchain/13_2_Rel1/bin/../lib/gcc/arm-none-eabi/13.2.1/thumb/v6-m/nofp\libc.a
END GROUP
START GROUP
LOAD C:/Users/ethan/.pico-sdk/toolchain/13_2_Rel1/bin/../lib/gcc/arm-none-eabi/13.2.1/thumb/v6-m/nofp\libgcc.a
LOAD C:/Users/ethan/.pico-sdk/toolchain/13_2_Rel1/bin/../lib/gcc/arm-none-eabi/13.2.1/thumb/v6-m/nofp\libc.a
LOAD C:/Users/ethan/.pico-sdk/toolchain/13_2_Rel1/bin/../lib/gcc/arm-none-eabi/13.2.1/thumb/v6-m/nofp\libnosys.a
END GROUP
LOAD C:/Users/ethan/.pico-sdk/toolchain/13_2_Rel1/bin/../lib/gcc/arm-none-eabi/13.2.1/thumb/v6-m/nofp/crtend.o
LOAD C:/Users/ethan/.pico-sdk/toolchain/13_2_Rel1/bin/../lib/gcc/arm-none-eabi/13.2.1/thumb/v6-m/nofp/crtn.o
OUTPUT(phase_ctrl.elf elf32-littlearm)
LOAD linker stubs

.ARM.attributes
                0x00000000       0x28
 .ARM.attributes
                0x00000000       0x1e C:/Users/ethan/.pico-sdk/toolchain/13_2_Rel1/bin/../lib/gcc/arm-none-eabi/13.2.1/thumb/v6-m/nofp/crti.o
 .ARM.attributes
                0x0000001e       0x2c C:/Users/ethan/.pico-sdk/toolchain/13_2_Rel1/bin/../lib/gcc/arm-none-eabi/13.2.1/thumb/v6-m/nofp/crtbegin.o
 .ARM.attributes
                0x0000004a       0x2c CMakeFiles/phase_ctrl.dir/phase_ctrl.c.obj
 .ARM.attributes